Component: ARM Compiler 5.06 update 7 (build 960) Tool: armlink [4d3601]

==============================================================================

Section Cross References

    startup_stm32f103xe.o(RESET) refers to startup_stm32f103xe.o(STACK) for __initial_sp
    startup_stm32f103xe.o(RESET) refers to startup_stm32f103xe.o(.text) for Reset_Handler
    startup_stm32f103xe.o(RESET) refers to stm32f1xx_it.o(i.NMI_Handler) for NMI_Handler
    startup_stm32f103xe.o(RESET) refers to stm32f1xx_it.o(i.HardFault_Handler) for HardFault_Handler
    startup_stm32f103xe.o(RESET) refers to stm32f1xx_it.o(i.MemManage_Handler) for MemManage_Handler
    startup_stm32f103xe.o(RESET) refers to stm32f1xx_it.o(i.BusFault_Handler) for BusFault_Handler
    startup_stm32f103xe.o(RESET) refers to stm32f1xx_it.o(i.UsageFault_Handler) for UsageFault_Handler
    startup_stm32f103xe.o(RESET) refers to port.o(.emb_text) for SVC_Handler
    startup_stm32f103xe.o(RESET) refers to stm32f1xx_it.o(i.DebugMon_Handler) for DebugMon_Handler
    startup_stm32f103xe.o(RESET) refers to stm32f1xx_it.o(i.SysTick_Handler) for SysTick_Handler
    startup_stm32f103xe.o(RESET) refers to stm32f1xx_it.o(i.DMA1_Channel2_IRQHandler) for DMA1_Channel2_IRQHandler
    startup_stm32f103xe.o(RESET) refers to stm32f1xx_it.o(i.DMA1_Channel3_IRQHandler) for DMA1_Channel3_IRQHandler
    startup_stm32f103xe.o(RESET) refers to stm32f1xx_it.o(i.DMA1_Channel4_IRQHandler) for DMA1_Channel4_IRQHandler
    startup_stm32f103xe.o(RESET) refers to stm32f1xx_it.o(i.DMA1_Channel5_IRQHandler) for DMA1_Channel5_IRQHandler
    startup_stm32f103xe.o(RESET) refers to stm32f1xx_it.o(i.DMA1_Channel6_IRQHandler) for DMA1_Channel6_IRQHandler
    startup_stm32f103xe.o(RESET) refers to stm32f1xx_it.o(i.DMA1_Channel7_IRQHandler) for DMA1_Channel7_IRQHandler
    startup_stm32f103xe.o(RESET) refers to stm32f1xx_it.o(i.USB_HP_CAN1_TX_IRQHandler) for USB_HP_CAN1_TX_IRQHandler
    startup_stm32f103xe.o(RESET) refers to stm32f1xx_it.o(i.USB_LP_CAN1_RX0_IRQHandler) for USB_LP_CAN1_RX0_IRQHandler
    startup_stm32f103xe.o(RESET) refers to stm32f1xx_it.o(i.USART1_IRQHandler) for USART1_IRQHandler
    startup_stm32f103xe.o(RESET) refers to stm32f1xx_it.o(i.USART2_IRQHandler) for USART2_IRQHandler
    startup_stm32f103xe.o(RESET) refers to stm32f1xx_it.o(i.USART3_IRQHandler) for USART3_IRQHandler
    startup_stm32f103xe.o(.text) refers to system_stm32f1xx.o(i.SystemInit) for SystemInit
    startup_stm32f103xe.o(.text) refers to entry.o(.ARM.Collect$$$$00000000) for __main
    main.o(i.SystemClock_Config) refers to memseta.o(.text) for __aeabi_memclr4
    main.o(i.SystemClock_Config) refers to stm32f1xx_hal_rcc.o(i.HAL_RCC_OscConfig) for HAL_RCC_OscConfig
    main.o(i.SystemClock_Config) refers to stm32f1xx_hal_rcc.o(i.HAL_RCC_ClockConfig) for HAL_RCC_ClockConfig
    main.o(i.SystemClock_Config) refers to stm32f1xx_hal_rcc_ex.o(i.HAL_RCCEx_PeriphCLKConfig) for HAL_RCCEx_PeriphCLKConfig
    main.o(i.main) refers to stm32f1xx_hal.o(i.HAL_Init) for HAL_Init
    main.o(i.main) refers to main.o(i.SystemClock_Config) for SystemClock_Config
    main.o(i.main) refers to gpio.o(i.MX_GPIO_Init) for MX_GPIO_Init
    main.o(i.main) refers to dma.o(i.MX_DMA_Init) for MX_DMA_Init
    main.o(i.main) refers to usb_device.o(i.MX_USB_DEVICE_Init) for MX_USB_DEVICE_Init
    main.o(i.main) refers to usart.o(i.MX_USART1_UART_Init) for MX_USART1_UART_Init
    main.o(i.main) refers to usart.o(i.MX_USART2_UART_Init) for MX_USART2_UART_Init
    main.o(i.main) refers to usart.o(i.MX_USART3_UART_Init) for MX_USART3_UART_Init
    main.o(i.main) refers to freertos.o(i.MX_FREERTOS_Init) for MX_FREERTOS_Init
    main.o(i.main) refers to cmsis_os.o(i.osKernelStart) for osKernelStart
    gpio.o(i.MX_GPIO_Init) refers to stm32f1xx_hal_gpio.o(i.HAL_GPIO_WritePin) for HAL_GPIO_WritePin
    gpio.o(i.MX_GPIO_Init) refers to stm32f1xx_hal_gpio.o(i.HAL_GPIO_Init) for HAL_GPIO_Init
    freertos.o(i.MX_FREERTOS_Init) refers to event_groups.o(i.xEventGroupCreate) for xEventGroupCreate
    freertos.o(i.MX_FREERTOS_Init) refers to memcpya.o(.text) for __aeabi_memcpy4
    freertos.o(i.MX_FREERTOS_Init) refers to cmsis_os.o(i.osThreadCreate) for osThreadCreate
    freertos.o(i.MX_FREERTOS_Init) refers to freertos.o(.data) for .data
    freertos.o(i.MX_FREERTOS_Init) refers to freertos.o(.constdata) for .constdata
    freertos.o(i.StartDefaultTask) refers to memcpya.o(.text) for __aeabi_memcpy
    freertos.o(i.StartDefaultTask) refers to usbd_cdc_if.o(i.CDC_Transmit_FS) for CDC_Transmit_FS
    freertos.o(i.StartDefaultTask) refers to cmsis_os.o(i.osDelay) for osDelay
    freertos.o(i.StartDefaultTask) refers to main.o(.bss) for user_param_uart
    freertos.o(i.StartDefaultTask) refers to usbd_cdc_if.o(.bss) for UserTxBufferFS
    freertos.o(i.UserDisplayTask) refers to stm32f1xx_hal_gpio.o(i.HAL_GPIO_WritePin) for HAL_GPIO_WritePin
    freertos.o(i.UserDisplayTask) refers to cmsis_os.o(i.osDelay) for osDelay
[...]
    UART_Receive_IT                          0x08002edf   Thumb Code   182  stm32f1xx_hal_uart.o(i.UART_Receive_IT)
    i.UART_SetConfig                         0x08002f94   Section        0  stm32f1xx_hal_uart.o(i.UART_SetConfig)
    UART_SetConfig                           0x08002f95   Thumb Code   178  stm32f1xx_hal_uart.o(i.UART_SetConfig)
    i.UART_Start_Receive_DMA                 0x0800304c   Section        0  stm32f1xx_hal_uart.o(i.UART_Start_Receive_DMA)
    i.USART1_IRQHandler                      0x080030bc   Section        0  stm32f1xx_it.o(i.USART1_IRQHandler)
    i.USART2_IRQHandler                      0x08003118   Section        0  stm32f1xx_it.o(i.USART2_IRQHandler)
    i.USART3_IRQHandler                      0x08003174   Section        0  stm32f1xx_it.o(i.USART3_IRQHandler)
    i.USBD_CDC_DataIn                        0x080031d0   Section        0  usbd_cdc.o(i.USBD_CDC_DataIn)
    USBD_CDC_DataIn                          0x080031d1   Thumb Code    70  usbd_cdc.o(i.USBD_CDC_DataIn)
    i.USBD_CDC_DataOut                       0x08003216   Section        0  usbd_cdc.o(i.USBD_CDC_DataOut)
    USBD_CDC_DataOut                         0x08003217   Thumb Code    50  usbd_cdc.o(i.USBD_CDC_DataOut)
    i.USBD_CDC_DeInit                        0x08003248   Section        0  usbd_cdc.o(i.USBD_CDC_DeInit)
    USBD_CDC_DeInit                          0x08003249   Thumb Code   134  usbd_cdc.o(i.USBD_CDC_DeInit)
    i.USBD_CDC_EP0_RxReady                   0x080032ce   Section        0  usbd_cdc.o(i.USBD_CDC_EP0_RxReady)
    USBD_CDC_EP0_RxReady                     0x080032cf   Thumb Code    42  usbd_cdc.o(i.USBD_CDC_EP0_RxReady)
    i.USBD_CDC_GetDeviceQualifierDescriptor  0x080032f8   Section        0  usbd_cdc.o(i.USBD_CDC_GetDeviceQualifierDescriptor)
    i.USBD_CDC_GetFSCfgDesc                  0x08003304   Section        0  usbd_cdc.o(i.USBD_CDC_GetFSCfgDesc)
    USBD_CDC_GetFSCfgDesc                    0x08003305   Thumb Code     8  usbd_cdc.o(i.USBD_CDC_GetFSCfgDesc)
    i.USBD_CDC_GetHSCfgDesc                  0x08003310   Section        0  usbd_cdc.o(i.USBD_CDC_GetHSCfgDesc)
    USBD_CDC_GetHSCfgDesc                    0x08003311   Thumb Code     8  usbd_cdc.o(i.USBD_CDC_GetHSCfgDesc)
    i.USBD_CDC_GetOtherSpeedCfgDesc          0x0800331c   Section        0  usbd_cdc.o(i.USBD_CDC_GetOtherSpeedCfgDesc)
    USBD_CDC_GetOtherSpeedCfgDesc            0x0800331d   Thumb Code     8  usbd_cdc.o(i.USBD_CDC_GetOtherSpeedCfgDesc)
    i.USBD_CDC_Init                          0x08003328   Section        0  usbd_cdc.o(i.USBD_CDC_Init)
    USBD_CDC_Init                            0x08003329   Thumb Code   284  usbd_cdc.o(i.USBD_CDC_Init)
    i.USBD_CDC_ReceivePacket                 0x08003444   Section        0  usbd_cdc.o(i.USBD_CDC_ReceivePacket)
    i.USBD_CDC_RegisterInterface             0x0800346c   Section        0  usbd_cdc.o(i.USBD_CDC_RegisterInterface)
    i.USBD_CDC_SetRxBuffer                   0x0800347c   Section        0  usbd_cdc.o(i.USBD_CDC_SetRxBuffer)
    i.USBD_CDC_SetTxBuffer                   0x08003488   Section        0  usbd_cdc.o(i.USBD_CDC_SetTxBuffer)
    i.USBD_CDC_Setup                         0x08003498   Section        0  usbd_cdc.o(i.USBD_CDC_Setup)
    USBD_CDC_Setup                           0x08003499   Thumb Code   184  usbd_cdc.o(i.USBD_CDC_Setup)
    i.USBD_CDC_TransmitPacket                0x08003550   Section        0  usbd_cdc.o(i.USBD_CDC_TransmitPacket)
    i.USBD_ClrClassConfig                    0x08003590   Section        0  usbd_core.o(i.USBD_ClrClassConfig)
    i.USBD_CtlContinueRx                     0x0800359e   Section        0  usbd_ioreq.o(i.USBD_CtlContinueRx)
    i.USBD_CtlContinueSendData               0x080035ae   Section        0  usbd_ioreq.o(i.USBD_CtlContinueSendData)
    i.USBD_CtlError                          0x080035be   Section        0  usbd_ctlreq.o(i.USBD_CtlError)
    i.USBD_CtlPrepareRx                      0x080035d4   Section        0  usbd_ioreq.o(i.USBD_CtlPrepareRx)
    i.USBD_CtlReceiveStatus                  0x080035f2   Section        0  usbd_ioreq.o(i.USBD_CtlReceiveStatus)
    i.USBD_CtlSendData                       0x08003608   Section        0  usbd_ioreq.o(i.USBD_CtlSendData)
    i.USBD_CtlSendStatus                     0x08003622   Section        0  usbd_ioreq.o(i.USBD_CtlSendStatus)
    i.USBD_FS_ConfigStrDescriptor            0x08003638   Section        0  usbd_desc.o(i.USBD_FS_ConfigStrDescriptor)
    i.USBD_FS_DeviceDescriptor               0x08003658   Section        0  usbd_desc.o(i.USBD_FS_DeviceDescriptor)
    i.USBD_FS_InterfaceStrDescriptor         0x08003664   Section        0  usbd_desc.o(i.USBD_FS_InterfaceStrDescriptor)
    i.USBD_FS_LangIDStrDescriptor            0x08003688   Section        0  usbd_desc.o(i.USBD_FS_LangIDStrDescriptor)
    i.USBD_FS_ManufacturerStrDescriptor      0x08003694   Section        0  usbd_desc.o(i.USBD_FS_ManufacturerStrDescriptor)
    i.USBD_FS_ProductStrDescriptor           0x080036bc   Section        0  usbd_desc.o(i.USBD_FS_ProductStrDescriptor)
    i.USBD_FS_SerialStrDescriptor            0x080036e8   Section        0  usbd_desc.o(i.USBD_FS_SerialStrDescriptor)
    i.USBD_GetDescriptor                     0x08003720   Section        0  usbd_ctlreq.o(i.USBD_GetDescriptor)
    USBD_GetDescriptor                       0x08003721   Thumb Code   232  usbd_ctlreq.o(i.USBD_GetDescriptor)
    i.USBD_GetString                         0x08003808   Section        0  usbd_ctlreq.o(i.USBD_GetString)
    i.USBD_Get_USB_Status                    0x08003850   Section        0  usbd_conf.o(i.USBD_Get_USB_Status)
    USBD_Get_USB_Status                      0x08003851   Thumb Code    24  usbd_conf.o(i.USBD_Get_USB_Status)
    i.USBD_Init                              0x08003868   Section        0  usbd_core.o(i.USBD_Init)
    i.USBD_LL_ClearStallEP                   0x08003892   Section        0  usbd_conf.o(i.USBD_LL_ClearStallEP)
    i.USBD_LL_CloseEP                        0x080038a4   Section        0  usbd_conf.o(i.USBD_LL_CloseEP)
    i.USBD_LL_DataInStage                    0x080038b6   Section        0  usbd_core.o(i.USBD_LL_DataInStage)
    i.USBD_LL_DataOutStage                   0x0800397c   Section        0  usbd_core.o(i.USBD_LL_DataOutStage)
    i.USBD_LL_GetRxDataSize                  0x080039fe   Section        0  usbd_conf.o(i.USBD_LL_GetRxDataSize)
    i.USBD_LL_Init                           0x08003a08   Section        0  usbd_conf.o(i.USBD_LL_Init)
    i.USBD_LL_IsStallEP                      0x08003ad8   Section        0  usbd_conf.o(i.USBD_LL_IsStallEP)
    i.USBD_LL_OpenEP                         0x08003af8   Section        0  usbd_conf.o(i.USBD_LL_OpenEP)
    i.USBD_LL_PrepareReceive                 0x08003b10   Section        0  usbd_conf.o(i.USBD_LL_PrepareReceive)
    i.USBD_LL_Reset                          0x08003b22   Section        0  usbd_core.o(i.USBD_LL_Reset)
    i.USBD_LL_Resume                         0x08003b72   Section        0  usbd_core.o(i.USBD_LL_Resume)
    i.USBD_LL_SOF                            0x08003b86   Section        0  usbd_core.o(i.USBD_LL_SOF)
    i.USBD_LL_SetSpeed                       0x08003b9e   Section        0  usbd_core.o(i.USBD_LL_SetSpeed)
    i.USBD_LL_SetUSBAddress                  0x08003ba4   Section        0  usbd_conf.o(i.USBD_LL_SetUSBAddress)
    i.USBD_LL_SetupStage                     0x08003bb6   Section        0  usbd_core.o(i.USBD_LL_SetupStage)
    i.USBD_LL_StallEP                        0x08003c10   Section        0  usbd_conf.o(i.USBD_LL_StallEP)
    i.USBD_LL_Start                          0x08003c22   Section        0  usbd_conf.o(i.USBD_LL_Start)
    i.USBD_LL_Suspend                        0x08003c34   Section        0  usbd_core.o(i.USBD_LL_Suspend)
    i.USBD_LL_Transmit                       0x08003c46   Section        0  usbd_conf.o(i.USBD_LL_Transmit)
    i.USBD_ParseSetupRequest                 0x08003c58   Section        0  usbd_ctlreq.o(i.USBD_ParseSetupRequest)
    i.USBD_RegisterClass                     0x08003c80   Section        0  usbd_core.o(i.USBD_RegisterClass)
    i.USBD_SetClassConfig                    0x08003c90   Section        0  usbd_core.o(i.USBD_SetClassConfig)
    i.USBD_SetConfig                         0x08003ca8   Section        0  usbd_ctlreq.o(i.USBD_SetConfig)
    USBD_SetConfig                           0x08003ca9   Thumb Code   128  usbd_ctlreq.o(i.USBD_SetConfig)
    i.USBD_Start                             0x08003d2c   Section        0  usbd_core.o(i.USBD_Start)
    i.USBD_StdDevReq                         0x08003d36   Section        0  usbd_ctlreq.o(i.USBD_StdDevReq)
    i.USBD_StdEPReq                          0x08003e48   Section        0  usbd_ctlreq.o(i.USBD_StdEPReq)
    i.USBD_StdItfReq                         0x08003f98   Section        0  usbd_ctlreq.o(i.USBD_StdItfReq)
    i.USBD_static_free                       0x08003fe6   Section        0  usbd_conf.o(i.USBD_static_free)
    i.USBD_static_malloc                     0x08003fe8   Section        0  usbd_conf.o(i.USBD_static_malloc)
    i.USB_ActivateEndpoint                   0x08003ff0   Section        0  stm32f1xx_ll_usb.o(i.USB_ActivateEndpoint)
    i.USB_CoreInit                           0x08004248   Section        0  stm32f1xx_ll_usb.o(i.USB_CoreInit)
    i.USB_DeactivateEndpoint                 0x0800424c   Section        0  stm32f1xx_ll_usb.o(i.USB_DeactivateEndpoint)
    i.USB_DevConnect                         0x0800435a   Section        0  stm32f1xx_ll_usb.o(i.USB_DevConnect)
    i.USB_DevDisconnect                      0x0800435e   Section        0  stm32f1xx_ll_usb.o(i.USB_DevDisconnect)
    i.USB_DevInit                            0x08004362   Section        0  stm32f1xx_ll_usb.o(i.USB_DevInit)
    i.USB_DisableGlobalInt                   0x08004374   Section        0  stm32f1xx_ll_usb.o(i.USB_DisableGlobalInt)
    i.USB_Disconnected                       0x08004384   Section        0  usb_device.o(i.USB_Disconnected)
    USB_Disconnected                         0x08004385   Thumb Code   104  usb_device.o(i.USB_Disconnected)
    i.USB_EP0_OutStart                       0x080043f4   Section        0  stm32f1xx_ll_usb.o(i.USB_EP0_OutStart)
    i.USB_EPClearStall                       0x080043f8   Section        0  stm32f1xx_ll_usb.o(i.USB_EPClearStall)
    i.USB_EPSetStall                         0x08004470   Section        0  stm32f1xx_ll_usb.o(i.USB_EPSetStall)
    i.USB_EPStartXfer                        0x080044a4   Section        0  stm32f1xx_ll_usb.o(i.USB_EPStartXfer)
    i.USB_EnableGlobalInt                    0x08004ab0   Section        0  stm32f1xx_ll_usb.o(i.USB_EnableGlobalInt)
    i.USB_HP_CAN1_TX_IRQHandler              0x08004ac4   Section        0  stm32f1xx_it.o(i.USB_HP_CAN1_TX_IRQHandler)
    i.USB_LP_CAN1_RX0_IRQHandler             0x08004ad0   Section        0  stm32f1xx_it.o(i.USB_LP_CAN1_RX0_IRQHandler)
    i.USB_ReadInterrupts                     0x08004adc   Section        0  stm32f1xx_ll_usb.o(i.USB_ReadInterrupts)
    i.USB_ReadPMA                            0x08004ae4   Section        0  stm32f1xx_ll_usb.o(i.USB_ReadPMA)
    i.USB_SetCurrentMode                     0x08004b10   Section        0  stm32f1xx_ll_usb.o(i.USB_SetCurrentMode)
    i.USB_SetDevAddress                      0x08004b14   Section        0  stm32f1xx_ll_usb.o(i.USB_SetDevAddress)
    i.USB_WritePMA                           0x08004b20   Section        0  stm32f1xx_ll_usb.o(i.USB_WritePMA)
    i.UsageFault_Handler                     0x08004b46   Section        0  stm32f1xx_it.o(i.UsageFault_Handler)
    i.UserDisplayTask                        0x08004b48   Section        0  freertos.o(i.UserDisplayTask)
    i.__NVIC_SetPriority                     0x08004b74   Section        0  stm32f1xx_hal_cortex.o(i.__NVIC_SetPriority)
    __NVIC_SetPriority                       0x08004b75   Thumb Code    32  stm32f1xx_hal_cortex.o(i.__NVIC_SetPriority)
    i.__scatterload_copy                     0x08004b94   Section       14  handlers.o(i.__scatterload_copy)
    i.__scatterload_null                     0x08004ba2   Section        2  handlers.o(i.__scatterload_null)
    i.__scatterload_zeroinit                 0x08004ba4   Section       14  handlers.o(i.__scatterload_zeroinit)
    i.main                                   0x08004bb2   Section        0  main.o(i.main)
    i.makeFreeRtosPriority                   0x08004bdc   Section        0  cmsis_os.o(i.makeFreeRtosPriority)
    makeFreeRtosPriority                     0x08004bdd   Thumb Code    12  cmsis_os.o(i.makeFreeRtosPriority)
    i.osDelay                                0x08004be8   Section        0  cmsis_os.o(i.osDelay)
    i.osKernelStart                          0x08004bf6   Section        0  cmsis_os.o(i.osKernelStart)
    i.osThreadCreate                         0x08004c00   Section        0  cmsis_os.o(i.osThreadCreate)
    i.prvAddCurrentTaskToDelayedList         0x08004c54   Section        0  tasks.o(i.prvAddCurrentTaskToDelayedList)
    prvAddCurrentTaskToDelayedList           0x08004c55   Thumb Code   102  tasks.o(i.prvAddCurrentTaskToDelayedList)
    i.prvAddNewTaskToReadyList               0x08004cc4   Section        0  tasks.o(i.prvAddNewTaskToReadyList)
    prvAddNewTaskToReadyList                 0x08004cc5   Thumb Code   194  tasks.o(i.prvAddNewTaskToReadyList)
    i.prvDeleteTCB                           0x08004d94   Section        0  tasks.o(i.prvDeleteTCB)
    prvDeleteTCB                             0x08004d95   Thumb Code    52  tasks.o(i.prvDeleteTCB)
    i.prvHeapInit                            0x08004dc8   Section        0  heap_4.o(i.prvHeapInit)
    prvHeapInit                              0x08004dc9   Thumb Code    66  heap_4.o(i.prvHeapInit)
    i.prvIdleTask                            0x08004e14   Section        0  tasks.o(i.prvIdleTask)
    prvIdleTask                              0x08004e15   Thumb Code    82  tasks.o(i.prvIdleTask)
    i.prvInitialiseNewTask                   0x08004e74   Section        0  tasks.o(i.prvInitialiseNewTask)
    prvInitialiseNewTask                     0x08004e75   Thumb Code   142  tasks.o(i.prvInitialiseNewTask)
    i.prvInsertBlockIntoFreeList             0x08004f04   Section        0  heap_4.o(i.prvInsertBlockIntoFreeList)
    prvInsertBlockIntoFreeList               0x08004f05   Thumb Code    72  heap_4.o(i.prvInsertBlockIntoFreeList)
    i.prvResetNextTaskUnblockTime            0x08004f50   Section        0  tasks.o(i.prvResetNextTaskUnblockTime)
    prvResetNextTaskUnblockTime              0x08004f51   Thumb Code    26  tasks.o(i.prvResetNextTaskUnblockTime)
    i.prvTaskExitError                       0x08004f70   Section        0  port.o(i.prvTaskExitError)
    prvTaskExitError                         0x08004f71   Thumb Code    36  port.o(i.prvTaskExitError)
    i.pvPortMalloc                           0x08004f98   Section        0  heap_4.o(i.pvPortMalloc)
    i.pxPortInitialiseStack                  0x08005070   Section        0  port.o(i.pxPortInitialiseStack)
    i.uxListRemove                           0x08005094   Section        0  list.o(i.uxListRemove)
    i.vApplicationGetIdleTaskMemory          0x080050bc   Section        0  freertos.o(i.vApplicationGetIdleTaskMemory)
    i.vListInitialise                        0x080050d0   Section        0  list.o(i.vListInitialise)
    i.vListInitialiseItem                    0x080050e6   Section        0  list.o(i.vListInitialiseItem)
    i.vListInsert                            0x080050ec   Section        0  list.o(i.vListInsert)
    i.vListInsertEnd                         0x0800511c   Section        0  list.o(i.vListInsertEnd)
    i.vPortEnterCritical                     0x08005134   Section        0  port.o(i.vPortEnterCritical)
    i.vPortExitCritical                      0x08005174   Section        0  port.o(i.vPortExitCritical)
    i.vPortFree                              0x0800519c   Section        0  heap_4.o(i.vPortFree)
    i.vPortSetupTimerInterrupt               0x080051f8   Section        0  port.o(i.vPortSetupTimerInterrupt)
    i.vTaskDelay                             0x0800521c   Section        0  tasks.o(i.vTaskDelay)
    i.vTaskStartScheduler                    0x08005268   Section        0  tasks.o(i.vTaskStartScheduler)
    i.vTaskSuspendAll                        0x080052d4   Section        0  tasks.o(i.vTaskSuspendAll)
    i.vTaskSwitchContext                     0x080052e4   Section        0  tasks.o(i.vTaskSwitchContext)
    i.xEventGroupCreate                      0x08005340   Section        0  event_groups.o(i.xEventGroupCreate)
    i.xPortStartScheduler                    0x0800535c   Section        0  port.o(i.xPortStartScheduler)
    i.xPortSysTickHandler                    0x08005404   Section        0  port.o(i.xPortSysTickHandler)
    i.xTaskCreate                            0x08005430   Section        0  tasks.o(i.xTaskCreate)
    i.xTaskCreateStatic                      0x0800548a   Section        0  tasks.o(i.xTaskCreateStatic)
    i.xTaskGetSchedulerState                 0x080054e0   Section        0  tasks.o(i.xTaskGetSchedulerState)
    i.xTaskIncrementTick                     0x080054fc   Section        0  tasks.o(i.xTaskIncrementTick)
    i.xTaskResumeAll                         0x080055c4   Section        0  tasks.o(i.xTaskResumeAll)
    .constdata                               0x08005688   Section       56  freertos.o(.constdata)
    .constdata                               0x080056c0   Section       16  system_stm32f1xx.o(.constdata)
    .constdata                               0x080056d0   Section        8  system_stm32f1xx.o(.constdata)
    .conststring                             0x080056d8   Section       24  freertos.o(.conststring)
    .data                                    0x20000000   Section        8  freertos.o(.data)
    .data                                    0x20000008   Section       28  usbd_desc.o(.data)
    .data                                    0x20000024   Section       50  usbd_desc.o(.data)
    .data                                    0x20000058   Section       24  usbd_cdc_if.o(.data)
    .data                                    0x20000070   Section       16  usbd_cdc_if.o(.data)
    .data                                    0x20000080   Section       12  stm32f1xx_hal.o(.data)
    .data                                    0x2000008c   Section        4  system_stm32f1xx.o(.data)
    .data                                    0x20000090   Section        1  usbd_ctlreq.o(.data)
    cfgidx                                   0x20000090   Data           1  usbd_ctlreq.o(.data)
    .data                                    0x20000094   Section      635  usbd_cdc.o(.data)
    USBD_CDC_DeviceQualifierDesc             0x20000094   Data          10  usbd_cdc.o(.data)
    .data                                    0x20000310   Section       56  usbd_cdc.o(.data)
    .data                                    0x20000348   Section       60  tasks.o(.data)
    pxDelayedTaskList                        0x2000034c   Data           4  tasks.o(.data)
    pxOverflowDelayedTaskList                0x20000350   Data           4  tasks.o(.data)
    uxDeletedTasksWaitingCleanUp             0x20000354   Data           4  tasks.o(.data)
    uxCurrentNumberOfTasks                   0x20000358   Data           4  tasks.o(.data)
    xTickCount                               0x2000035c   Data           4  tasks.o(.data)
    uxTopReadyPriority                       0x20000360   Data           4  tasks.o(.data)
    xSchedulerRunning                        0x20000364   Data           4  tasks.o(.data)
    uxPendedTicks                            0x20000368   Data           4  tasks.o(.data)
    xYieldPending                            0x2000036c   Data           4  tasks.o(.data)
    xNumOfOverflows                          0x20000370   Data           4  tasks.o(.data)
    uxTaskNumber                             0x20000374   Data           4  tasks.o(.data)
    xNextTaskUnblockTime                     0x20000378   Data           4  tasks.o(.data)
    xIdleTaskHandle                          0x2000037c   Data           4  tasks.o(.data)
    uxSchedulerSuspended                     0x20000380   Data           4  tasks.o(.data)
    .data                                    0x20000384   Section       24  heap_4.o(.data)
    pxEnd                                    0x20000384   Data           4  heap_4.o(.data)
    xFreeBytesRemaining                      0x20000388   Data           4  heap_4.o(.data)
    xMinimumEverFreeBytesRemaining           0x2000038c   Data           4  heap_4.o(.data)
    xBlockAllocatedBit                       0x20000390   Data           4  heap_4.o(.data)
    xStart                                   0x20000394   Data           8  heap_4.o(.data)
    .data                                    0x2000039c   Section       12  port.o(.data)
    ucMaxSysCallPriority                     0x2000039c   Data           1  port.o(.data)
    uxCriticalNesting                        0x200003a0   Data           4  port.o(.data)
    ulMaxPRIGROUPValue                       0x200003a4   Data           4  port.o(.data)
    .bss                                     0x200003a8   Section     3090  main.o(.bss)
    .bss                                     0x20000fbc   Section      596  freertos.o(.bss)
    xIdleTaskTCBBuffer                       0x20000fbc   Data          84  freertos.o(.bss)
    xIdleStack                               0x20001010   Data         512  freertos.o(.bss)
    .bss                                     0x20001210   Section      612  usart.o(.bss)
    .bss                                     0x20001474   Section      708  usb_device.o(.bss)
    .bss                                     0x20001738   Section      512  usbd_desc.o(.bss)
    .bss                                     0x20001938   Section     2000  usbd_cdc_if.o(.bss)
    .bss                                     0x20002108   Section     1292  usbd_conf.o(.bss)
    mem                                      0x20002108   Data         544  usbd_conf.o(.bss)
    .bss                                     0x20002614   Section      240  tasks.o(.bss)
    pxReadyTasksLists                        0x20002614   Data         140  tasks.o(.bss)
    xDelayedTaskList1                        0x200026a0   Data          20  tasks.o(.bss)
    xDelayedTaskList2                        0x200026b4   Data          20  tasks.o(.bss)
    xPendingReadyList                        0x200026c8   Data          20  tasks.o(.bss)
    xTasksWaitingTermination                 0x200026dc   Data          20  tasks.o(.bss)
    xSuspendedTaskList                       0x200026f0   Data          20  tasks.o(.bss)
    .bss                                     0x20002704   Section     3072  heap_4.o(.bss)
    ucHeap                                   0x20002704   Data        3072  heap_4.o(.bss)
    STACK                                    0x20003308   Section     4096  startup_stm32f103xe.o(STACK)

    Global Symbols

    Symbol Name                              Value     Ov Type        Size  Object(Section)

    BuildAttributes$$THM_ISAv4$P$D$K$B$S$PE$A:L22UL41UL21$X:L11$S22US41US21$IEEE1$IW$USESV6$~STKCKD$USESV7$~SHL$OSPACE$EBA8$MICROLIB$REQ8$PRES8$EABIv2 0x00000000   Number         0  anon$$obj.o ABSOLUTE
    __ARM_use_no_argv                        0x00000000   Number         0  main.o ABSOLUTE
    __arm_fini_                               - Undefined Weak Reference
    __cpp_initialize__aeabi_                  - Undefined Weak Reference
    __cxa_finalize                            - Undefined Weak Reference
    _clock_init                               - Undefined Weak Reference
    _microlib_exit                            - Undefined Weak Reference
    __Vectors_Size                           0x00000130   Number         0  startup_stm32f103xe.o ABSOLUTE
    __Vectors                                0x08000000   Data           4  startup_stm32f103xe.o(RESET)
    __Vectors_End                            0x08000130   Data           0  startup_stm32f103xe.o(RESET)
    __main                                   0x08000131   Thumb Code     0  entry.o(.ARM.Collect$$$$00000000)
    _main_stk                                0x08000131   Thumb Code     0  entry2.o(.ARM.Collect$$$$00000001)
    _main_scatterload                        0x08000135   Thumb Code     0  entry5.o(.ARM.Collect$$$$00000004)
    __main_after_scatterload                 0x08000139   Thumb Code     0  entry5.o(.ARM.Collect$$$$00000004)
    _main_clock                              0x08000139   Thumb Code     0  entry7b.o(.ARM.Collect$$$$00000008)
    _main_cpp_init                           0x08000139   Thumb Code     0  entry8b.o(.ARM.Collect$$$$0000000A)
    _main_init                               0x08000139   Thumb Code     0  entry9a.o(.ARM.Collect$$$$0000000B)
    __rt_lib_shutdown_fini                   0x08000141   Thumb Code     0  entry12b.o(.ARM.Collect$$$$0000000E)
    __rt_final_cpp                           0x08000145   Thumb Code     0  entry10a.o(.ARM.Collect$$$$0000000F)
    __rt_final_exit                          0x08000145   Thumb Code     0  entry11a.o(.ARM.Collect$$$$00000011)
    SVC_Handler                              0x08000149   Thumb Code    32  port.o(.emb_text)
    __asm___6_port_c_39a90d8d__prvStartFirstTask 0x0800016d   Thumb Code    28  port.o(.emb_text)
    PendSV_Handler                           0x0800018d   Thumb Code    72  port.o(.emb_text)
    vPortGetIPSR                             0x080001d9   Thumb Code     6  port.o(.emb_text)
    Reset_Handler                            0x080001e1   Thumb Code     8  startup_stm32f103xe.o(.text)
    ADC1_2_IRQHandler                        0x080001fb   Thumb Code     0  startup_stm32f103xe.o(.text)
    ADC3_IRQHandler                          0x080001fb   Thumb Code     0  startup_stm32f103xe.o(.text)
    CAN1_RX1_IRQHandler                      0x080001fb   Thumb Code     0  startup_stm32f103xe.o(.text)
    CAN1_SCE_IRQHandler                      0x080001fb   Thumb Code     0  startup_stm32f103xe.o(.text)
    DMA1_Channel1_IRQHandler                 0x080001fb   Thumb Code     0  startup_stm32f103xe.o(.text)
    DMA2_Channel1_IRQHandler                 0x080001fb   Thumb Code     0  startup_stm32f103xe.o(.text)
    DMA2_Channel2_IRQHandler                 0x080001fb   Thumb Code     0  startup_stm32f103xe.o(.text)
    DMA2_Channel3_IRQHandler                 0x080001fb   Thumb Code     0  startup_stm32f103xe.o(.text)
    DMA2_Channel4_5_IRQHandler               0x080001fb   Thumb Code     0  startup_stm32f103xe.o(.text)
    EXTI0_IRQHandler                         0x080001fb   Thumb Code     0  startup_stm32f103xe.o(.text)
    EXTI15_10_IRQHandler                     0x080001fb   Thumb Code     0  startup_stm32f103xe.o(.text)
    EXTI1_IRQHandler                         0x080001fb   Thumb Code     0  startup_stm32f103xe.o(.text)
    EXTI2_IRQHandler                         0x080001fb   Thumb Code     0  startup_stm32f103xe.o(.text)
    EXTI3_IRQHandler                         0x080001fb   Thumb Code     0  startup_stm32f103xe.o(.text)
    EXTI4_IRQHandler                         0x080001fb   Thumb Code     0  startup_stm32f103xe.o(.text)
    EXTI9_5_IRQHandler                       0x080001fb   Thumb Code     0  startup_stm32f103xe.o(.text)
    FLASH_IRQHandler                         0x080001fb   Thumb Code     0  startup_stm32f103xe.o(.text)
    FSMC_IRQHandler                          0x080001fb   Thumb Code     0  startup_stm32f103xe.o(.text)
    I2C1_ER_IRQHandler                       0x080001fb   Thumb Code     0  startup_stm32f103xe.o(.text)
    I2C1_EV_IRQHandler                       0x080001fb   Thumb Code     0  startup_stm32f103xe.o(.text)
    I2C2_ER_IRQHandler                       0x080001fb   Thumb Code     0  startup_stm32f103xe.o(.text)
    I2C2_EV_IRQHandler                       0x080001fb   Thumb Code     0  startup_stm32f103xe.o(.text)
    PVD_IRQHandler                           0x080001fb   Thumb Code     0  startup_stm32f103xe.o(.text)
    RCC_IRQHandler                           0x080001fb   Thumb Code     0  startup_stm32f103xe.o(.text)
    RTC_Alarm_IRQHandler                     0x080001fb   Thumb Code     0  startup_stm32f103xe.o(.text)
    RTC_IRQHandler                           0x080001fb   Thumb Code     0  startup_stm32f103xe.o(.text)
    SDIO_IRQHandler                          0x080001fb   Thumb Code     0  startup_stm32f103xe.o(.text)
    SPI1_IRQHandler                          0x080001fb   Thumb Code     0  startup_stm32f103xe.o(.text)
    SPI2_IRQHandler                          0x080001fb   Thumb Code     0  startup_stm32f103xe.o(.text)
    SPI3_IRQHandler                          0x080001fb   Thumb Code     0  startup_stm32f103xe.o(.text)
    TAMPER_IRQHandler                        0x080001fb   Thumb Code     0  startup_stm32f103xe.o(.text)
    TIM1_BRK_IRQHandler                      0x080001fb   Thumb Code     0  startup_stm32f103xe.o(.text)
    TIM1_CC_IRQHandler                       0x080001fb   Thumb Code     0  startup_stm32f103xe.o(.text)
    TIM1_TRG_COM_IRQHandler                  0x080001fb   Thumb Code     0  startup_stm32f103xe.o(.text)
    TIM1_UP_IRQHandler                       0x080001fb   Thumb Code     0  startup_stm32f103xe.o(.text)
    TIM2_IRQHandler                          0x080001fb   Thumb Code     0  startup_stm32f103xe.o(.text)
    TIM3_IRQHandler                          0x080001fb   Thumb Code     0  startup_stm32f103xe.o(.text)
    TIM4_IRQHandler                          0x080001fb   Thumb Code     0  startup_stm32f103xe.o(.text)
    TIM5_IRQHandler                          0x080001fb   Thumb Code     0  startup_stm32f103xe.o(.text)
    TIM6_IRQHandler                          0x080001fb   Thumb Code     0  startup_stm32f103xe.o(.text)
    TIM7_IRQHandler                          0x080001fb   Thumb Code     0  startup_stm32f103xe.o(.text)
    TIM8_BRK_IRQHandler                      0x080001fb   Thumb Code     0  startup_stm32f103xe.o(.text)
    TIM8_CC_IRQHandler                       0x080001fb   Thumb Code     0  startup_stm32f103xe.o(.text)
    TIM8_TRG_COM_IRQHandler                  0x080001fb   Thumb Code     0  startup_stm32f103xe.o(.text)
    TIM8_UP_IRQHandler                       0x080001fb   Thumb Code     0  startup_stm32f103xe.o(.text)
    UART4_IRQHandler                         0x080001fb   Thumb Code     0  startup_stm32f103xe.o(.text)
    UART5_IRQHandler                         0x080001fb   Thumb Code     0  startup_stm32f103xe.o(.text)
    USBWakeUp_IRQHandler                     0x080001fb   Thumb Code     0  startup_stm32f103xe.o(.text)
    WWDG_IRQHandler                          0x080001fb   Thumb Code     0  startup_stm32f103xe.o(.text)
    __aeabi_memcpy                           0x08000205   Thumb Code    36  memcpya.o(.text)
    __aeabi_memcpy4                          0x08000205   Thumb Code     0  memcpya.o(.text)
    __aeabi_memcpy8                          0x08000205   Thumb Code     0  memcpya.o(.text)
    __aeabi_memset                           0x08000229   Thumb Code    14  memseta.o(.text)
    __aeabi_memset4                          0x08000229   Thumb Code     0  memseta.o(.text)
    __aeabi_memset8                          0x08000229   Thumb Code     0  memseta.o(.text)
    __aeabi_memclr                           0x08000237   Thumb Code     4  memseta.o(.text)
    __aeabi_memclr4                          0x08000237   Thumb Code     0  memseta.o(.text)
    __aeabi_memclr8                          0x08000237   Thumb Code     0  memseta.o(.text)
    memset                                   0x0800023b   Thumb Code    18  memseta.o(.text)
    __scatterload                            0x0800024d   Thumb Code    28  init.o(.text)
    __scatterload_rt2                        0x0800024d   Thumb Code     0  init.o(.text)
    __decompress                             0x08000271   Thumb Code     0  __dczerorl2.o(.text)
    __decompress1                            0x08000271   Thumb Code    86  __dczerorl2.o(.text)
    BusFault_Handler                         0x080002c7   Thumb Code     2  stm32f1xx_it.o(i.BusFault_Handler)
    CDC_Transmit_FS                          0x08000411   Thumb Code    42  usbd_cdc_if.o(i.CDC_Transmit_FS)
    ComPort_Config                           0x08000441   Thumb Code   140  usart.o(i.ComPort_Config)
    DMA1_Channel2_IRQHandler                 0x080004d1   Thumb Code     6  stm32f1xx_it.o(i.DMA1_Channel2_IRQHandler)
    DMA1_Channel3_IRQHandler                 0x080004dd   Thumb Code    52  stm32f1xx_it.o(i.DMA1_Channel3_IRQHandler)
    DMA1_Channel4_IRQHandler                 0x0800051d   Thumb Code     6  stm32f1xx_it.o(i.DMA1_Channel4_IRQHandler)
    DMA1_Channel5_IRQHandler                 0x08000529   Thumb Code    52  stm32f1xx_it.o(i.DMA1_Channel5_IRQHandler)
    DMA1_Channel6_IRQHandler                 0x08000569   Thumb Code    52  stm32f1xx_it.o(i.DMA1_Channel6_IRQHandler)
    DMA1_Channel7_IRQHandler                 0x080005a9   Thumb Code     6  stm32f1xx_it.o(i.DMA1_Channel7_IRQHandler)
    DebugMon_Handler                         0x080005df   Thumb Code     2  stm32f1xx_it.o(i.DebugMon_Handler)
    Error_Handler                            0x080005e1   Thumb Code     4  main.o(i.Error_Handler)
    HAL_DMA_Abort                            0x080005e5   Thumb Code    70  stm32f1xx_hal_dma.o(i.HAL_DMA_Abort)
    HAL_DMA_Abort_IT                         0x0800062d   Thumb Code   296  stm32f1xx_hal_dma.o(i.HAL_DMA_Abort_IT)
    HAL_DMA_DeInit                           0x0800075d   Thumb Code   116  stm32f1xx_hal_dma.o(i.HAL_DMA_DeInit)
    HAL_DMA_IRQHandler                       0x080007dd   Thumb Code   552  stm32f1xx_hal_dma.o(i.HAL_DMA_IRQHandler)
    HAL_DMA_Init                             0x08000a25   Thumb Code   112  stm32f1xx_hal_dma.o(i.HAL_DMA_Init)
    HAL_DMA_Start_IT                         0x08000aa1   Thumb Code   112  stm32f1xx_hal_dma.o(i.HAL_DMA_Start_IT)
    HAL_Delay                                0x08000b11   Thumb Code    32  stm32f1xx_hal.o(i.HAL_Delay)
    HAL_GPIO_DeInit                          0x08000b35   Thumb Code   256  stm32f1xx_hal_gpio.o(i.HAL_GPIO_DeInit)
    HAL_GPIO_Init                            0x08000c55   Thumb Code   462  stm32f1xx_hal_gpio.o(i.HAL_GPIO_Init)
    HAL_GPIO_WritePin                        0x08000e4d   Thumb Code    10  stm32f1xx_hal_gpio.o(i.HAL_GPIO_WritePin)
    HAL_GetTick                              0x08000e59   Thumb Code     6  stm32f1xx_hal.o(i.HAL_GetTick)
    HAL_IncTick                              0x08000e65   Thumb Code    12  stm32f1xx_hal.o(i.HAL_IncTick)
    HAL_Init                                 0x08000e75   Thumb Code    32  stm32f1xx_hal.o(i.HAL_Init)
    HAL_InitTick                             0x08000e99   Thumb Code    54  stm32f1xx_hal.o(i.HAL_InitTick)
    HAL_MspInit                              0x08000ed9   Thumb Code    62  stm32f1xx_hal_msp.o(i.HAL_MspInit)
    HAL_NVIC_DisableIRQ                      0x08000f21   Thumb Code    34  stm32f1xx_hal_cortex.o(i.HAL_NVIC_DisableIRQ)
    HAL_NVIC_EnableIRQ                       0x08000f43   Thumb Code    26  stm32f1xx_hal_cortex.o(i.HAL_NVIC_EnableIRQ)
    HAL_NVIC_SetPriority                     0x08000f5d   Thumb Code    60  stm32f1xx_hal_cortex.o(i.HAL_NVIC_SetPriority)
    HAL_NVIC_SetPriorityGrouping             0x08000f9d   Thumb Code    26  stm32f1xx_hal_cortex.o(i.HAL_NVIC_SetPriorityGrouping)
    HAL_PCDEx_PMAConfig                      0x08000fc1   Thumb Code    60  stm32f1xx_hal_pcd_ex.o(i.HAL_PCDEx_PMAConfig)
    HAL_PCDEx_SetConnectionState             0x08000ffd   Thumb Code     2  usbd_conf.o(i.HAL_PCDEx_SetConnectionState)
    HAL_PCD_DataInStageCallback              0x08000fff   Thumb Code    18  usbd_conf.o(i.HAL_PCD_DataInStageCallback)
    HAL_PCD_DataOutStageCallback             0x08001011   Thumb Code    20  usbd_conf.o(i.HAL_PCD_DataOutStageCallback)
    HAL_PCD_EP_Close                         0x08001025   Thumb Code    76  stm32f1xx_hal_pcd.o(i.HAL_PCD_EP_Close)
    HAL_PCD_EP_ClrStall                      0x08001071   Thumb Code    92  stm32f1xx_hal_pcd.o(i.HAL_PCD_EP_ClrStall)
    HAL_PCD_EP_GetRxCount                    0x080014e3   Thumb Code    18  stm32f1xx_hal_pcd.o(i.HAL_PCD_EP_GetRxCount)
    HAL_PCD_EP_Open                          0x080014f5   Thumb Code    96  stm32f1xx_hal_pcd.o(i.HAL_PCD_EP_Open)
    HAL_PCD_EP_Receive                       0x08001555   Thumb Code    50  stm32f1xx_hal_pcd.o(i.HAL_PCD_EP_Receive)
    HAL_PCD_EP_SetStall                      0x08001587   Thumb Code   114  stm32f1xx_hal_pcd.o(i.HAL_PCD_EP_SetStall)
    HAL_PCD_EP_Transmit                      0x080015f9   Thumb Code    52  stm32f1xx_hal_pcd.o(i.HAL_PCD_EP_Transmit)
    HAL_PCD_IRQHandler                       0x0800162d   Thumb Code   340  stm32f1xx_hal_pcd.o(i.HAL_PCD_IRQHandler)
    HAL_PCD_Init                             0x08001781   Thumb Code   218  stm32f1xx_hal_pcd.o(i.HAL_PCD_Init)
    HAL_PCD_MspInit                          0x0800185d   Thumb Code    66  usbd_conf.o(i.HAL_PCD_MspInit)
    HAL_PCD_ResetCallback                    0x080018a9   Thumb Code    38  usbd_conf.o(i.HAL_PCD_ResetCallback)
    HAL_PCD_ResumeCallback                   0x080018cf   Thumb Code     8  usbd_conf.o(i.HAL_PCD_ResumeCallback)
    HAL_PCD_SOFCallback                      0x080018d7   Thumb Code     8  usbd_conf.o(i.HAL_PCD_SOFCallback)
    HAL_PCD_SetAddress                       0x080018df   Thumb Code    40  stm32f1xx_hal_pcd.o(i.HAL_PCD_SetAddress)
    HAL_PCD_SetupStageCallback               0x08001907   Thumb Code    14  usbd_conf.o(i.HAL_PCD_SetupStageCallback)
    HAL_PCD_Start                            0x08001915   Thumb Code    50  stm32f1xx_hal_pcd.o(i.HAL_PCD_Start)
    HAL_PCD_SuspendCallback                  0x08001949   Thumb Code    30  usbd_conf.o(i.HAL_PCD_SuspendCallback)
    HAL_RCCEx_PeriphCLKConfig                0x0800196d   Thumb Code   224  stm32f1xx_hal_rcc_ex.o(i.HAL_RCCEx_PeriphCLKConfig)
    HAL_RCC_ClockConfig                      0x08001a59   Thumb Code   280  stm32f1xx_hal_rcc.o(i.HAL_RCC_ClockConfig)
    HAL_RCC_GetPCLK1Freq                     0x08001b85   Thumb Code    20  stm32f1xx_hal_rcc.o(i.HAL_RCC_GetPCLK1Freq)
    HAL_RCC_GetPCLK2Freq                     0x08001ba5   Thumb Code    20  stm32f1xx_hal_rcc.o(i.HAL_RCC_GetPCLK2Freq)
    HAL_RCC_GetSysClockFreq                  0x08001bc5   Thumb Code    80  stm32f1xx_hal_rcc.o(i.HAL_RCC_GetSysClockFreq)
    HAL_RCC_OscConfig                        0x08001c39   Thumb Code   778  stm32f1xx_hal_rcc.o(i.HAL_RCC_OscConfig)
    HAL_SYSTICK_Config                       0x08001f59   Thumb Code    40  stm32f1xx_hal_cortex.o(i.HAL_SYSTICK_Config)
    HAL_UARTEx_RxEventCallback               0x08001f81   Thumb Code     2  stm32f1xx_hal_uart.o(i.HAL_UARTEx_RxEventCallback)
    HAL_UART_DMAStop                         0x08001f83   Thumb Code    88  stm32f1xx_hal_uart.o(i.HAL_UART_DMAStop)
    HAL_UART_DeInit                          0x08001fdb   Thumb Code    52  stm32f1xx_hal_uart.o(i.HAL_UART_DeInit)
    HAL_UART_ErrorCallback                   0x0800200f   Thumb Code     2  stm32f1xx_hal_uart.o(i.HAL_UART_ErrorCallback)
    HAL_UART_IRQHandler                      0x08002011   Thumb Code   520  stm32f1xx_hal_uart.o(i.HAL_UART_IRQHandler)
    HAL_UART_Init                            0x0800221d   Thumb Code    98  stm32f1xx_hal_uart.o(i.HAL_UART_Init)
    HAL_UART_MspDeInit                       0x08002281   Thumb Code   136  usart.o(i.HAL_UART_MspDeInit)
    HAL_UART_MspInit                         0x08002321   Thumb Code   624  usart.o(i.HAL_UART_MspInit)
    HAL_UART_Receive_DMA                     0x080025b5   Thumb Code    42  stm32f1xx_hal_uart.o(i.HAL_UART_Receive_DMA)
    HAL_UART_RxCpltCallback                  0x080025df   Thumb Code     2  stm32f1xx_hal_uart.o(i.HAL_UART_RxCpltCallback)
    HAL_UART_RxHalfCpltCallback              0x080025e1   Thumb Code     2  stm32f1xx_hal_uart.o(i.HAL_UART_RxHalfCpltCallback)
    HAL_UART_Transmit_DMA                    0x080025e5   Thumb Code   114  stm32f1xx_hal_uart.o(i.HAL_UART_Transmit_DMA)
    HAL_UART_TxCpltCallback                  0x08002665   Thumb Code    32  usbd_cdc_if.o(i.HAL_UART_TxCpltCallback)
    HAL_UART_TxHalfCpltCallback              0x08002695   Thumb Code     2  stm32f1xx_hal_uart.o(i.HAL_UART_TxHalfCpltCallback)
    HardFault_Handler                        0x08002697   Thumb Code     2  stm32f1xx_it.o(i.HardFault_Handler)
    MX_DMA_Init                              0x080026d1   Thumb Code   120  dma.o(i.MX_DMA_Init)
    MX_FREERTOS_Init                         0x0800274d   Thumb Code    58  freertos.o(i.MX_FREERTOS_Init)
    MX_GPIO_Init                             0x08002791   Thumb Code   102  gpio.o(i.MX_GPIO_Init)
    MX_USART1_UART_Init                      0x08002801   Thumb Code    68  usart.o(i.MX_USART1_UART_Init)
    MX_USART2_UART_Init                      0x08002851   Thumb Code    68  usart.o(i.MX_USART2_UART_Init)
    MX_USART3_UART_Init                      0x080028a1   Thumb Code    68  usart.o(i.MX_USART3_UART_Init)
    MX_USB_DEVICE_Init                       0x080028f1   Thumb Code    70  usb_device.o(i.MX_USB_DEVICE_Init)
    MemManage_Handler                        0x08002949   Thumb Code     2  stm32f1xx_it.o(i.MemManage_Handler)
    NMI_Handler                              0x0800294b   Thumb Code     2  stm32f1xx_it.o(i.NMI_Handler)
    StartDefaultTask                         0x08002c61   Thumb Code   144  freertos.o(i.StartDefaultTask)
    SysTick_Handler                          0x08002d05   Thumb Code    24  stm32f1xx_it.o(i.SysTick_Handler)
    SystemClock_Config                       0x08002d1d   Thumb Code   120  main.o(i.SystemClock_Config)
    SystemInit                               0x08002d95   Thumb Code     2  system_stm32f1xx.o(i.SystemInit)
    UART_Start_Receive_DMA                   0x0800304d   Thumb Code    98  stm32f1xx_hal_uart.o(i.UART_Start_Receive_DMA)
    USART1_IRQHandler                        0x080030bd   Thumb Code    76  stm32f1xx_it.o(i.USART1_IRQHandler)
    USART2_IRQHandler                        0x08003119   Thumb Code    76  stm32f1xx_it.o(i.USART2_IRQHandler)
    USART3_IRQHandler                        0x08003175   Thumb Code    76  stm32f1xx_it.o(i.USART3_IRQHandler)
    USBD_CDC_GetDeviceQualifierDescriptor    0x080032f9   Thumb Code     8  usbd_cdc.o(i.USBD_CDC_GetDeviceQualifierDescriptor)
    USBD_CDC_ReceivePacket                   0x08003445   Thumb Code    40  usbd_cdc.o(i.USBD_CDC_ReceivePacket)
    USBD_CDC_RegisterInterface               0x0800346d   Thumb Code    16  usbd_cdc.o(i.USBD_CDC_RegisterInterface)
    USBD_CDC_SetRxBuffer                     0x0800347d   Thumb Code    12  usbd_cdc.o(i.USBD_CDC_SetRxBuffer)
    USBD_CDC_SetTxBuffer                     0x08003489   Thumb Code    16  usbd_cdc.o(i.USBD_CDC_SetTxBuffer)
    USBD_CDC_TransmitPacket                  0x08003551   Thumb Code    64  usbd_cdc.o(i.USBD_CDC_TransmitPacket)
    USBD_ClrClassConfig                      0x08003591   Thumb Code    14  usbd_core.o(i.USBD_ClrClassConfig)
    USBD_CtlContinueRx                       0x0800359f   Thumb Code    16  usbd_ioreq.o(i.USBD_CtlContinueRx)
    USBD_CtlContinueSendData                 0x080035af   Thumb Code    16  usbd_ioreq.o(i.USBD_CtlContinueSendData)
    USBD_CtlError                            0x080035bf   Thumb Code    22  usbd_ctlreq.o(i.USBD_CtlError)
    USBD_CtlPrepareRx                        0x080035d5   Thumb Code    30  usbd_ioreq.o(i.USBD_CtlPrepareRx)
    USBD_CtlReceiveStatus                    0x080035f3   Thumb Code    22  usbd_ioreq.o(i.USBD_CtlReceiveStatus)
    USBD_CtlSendData                         0x08003609   Thumb Code    26  usbd_ioreq.o(i.USBD_CtlSendData)
    USBD_CtlSendStatus                       0x08003623   Thumb Code    22  usbd_ioreq.o(i.USBD_CtlSendStatus)
    USBD_FS_ConfigStrDescriptor              0x08003639   Thumb Code    16  usbd_desc.o(i.USBD_FS_ConfigStrDescriptor)
    USBD_FS_DeviceDescriptor                 0x08003659   Thumb Code     8  usbd_desc.o(i.USBD_FS_DeviceDescriptor)
    USBD_FS_InterfaceStrDescriptor           0x08003665   Thumb Code    16  usbd_desc.o(i.USBD_FS_InterfaceStrDescriptor)
    USBD_FS_LangIDStrDescriptor              0x08003689   Thumb Code     8  usbd_desc.o(i.USBD_FS_LangIDStrDescriptor)
    USBD_FS_ManufacturerStrDescriptor        0x08003695   Thumb Code    16  usbd_desc.o(i.USBD_FS_ManufacturerStrDescriptor)
    USBD_FS_ProductStrDescriptor             0x080036bd   Thumb Code    16  usbd_desc.o(i.USBD_FS_ProductStrDescriptor)
    USBD_FS_SerialStrDescriptor              0x080036e9   Thumb Code    48  usbd_desc.o(i.USBD_FS_SerialStrDescriptor)
    USBD_GetString                           0x08003809   Thumb Code    72  usbd_ctlreq.o(i.USBD_GetString)
    USBD_Init                                0x08003869   Thumb Code    42  usbd_core.o(i.USBD_Init)
    USBD_LL_ClearStallEP                     0x08003893   Thumb Code    18  usbd_conf.o(i.USBD_LL_ClearStallEP)
    USBD_LL_CloseEP                          0x080038a5   Thumb Code    18  usbd_conf.o(i.USBD_LL_CloseEP)
    USBD_LL_DataInStage                      0x080038b7   Thumb Code   198  usbd_core.o(i.USBD_LL_DataInStage)
    USBD_LL_DataOutStage                     0x0800397d   Thumb Code   130  usbd_core.o(i.USBD_LL_DataOutStage)
    USBD_LL_GetRxDataSize                    0x080039ff   Thumb Code     8  usbd_conf.o(i.USBD_LL_GetRxDataSize)
    USBD_LL_Init                             0x08003a09   Thumb Code   200  usbd_conf.o(i.USBD_LL_Init)
    USBD_LL_IsStallEP                        0x08003ad9   Thumb Code    32  usbd_conf.o(i.USBD_LL_IsStallEP)
    USBD_LL_OpenEP                           0x08003af9   Thumb Code    24  usbd_conf.o(i.USBD_LL_OpenEP)
    USBD_LL_PrepareReceive                   0x08003b11   Thumb Code    18  usbd_conf.o(i.USBD_LL_PrepareReceive)
    USBD_LL_Reset                            0x08003b23   Thumb Code    80  usbd_core.o(i.USBD_LL_Reset)
    USBD_LL_Resume                           0x08003b73   Thumb Code    20  usbd_core.o(i.USBD_LL_Resume)
    USBD_LL_SOF                              0x08003b87   Thumb Code    24  usbd_core.o(i.USBD_LL_SOF)
    USBD_LL_SetSpeed                         0x08003b9f   Thumb Code     6  usbd_core.o(i.USBD_LL_SetSpeed)
    USBD_LL_SetUSBAddress                    0x08003ba5   Thumb Code    18  usbd_conf.o(i.USBD_LL_SetUSBAddress)
    USBD_LL_SetupStage                       0x08003bb7   Thumb Code    90  usbd_core.o(i.USBD_LL_SetupStage)
    USBD_LL_StallEP                          0x08003c11   Thumb Code    18  usbd_conf.o(i.USBD_LL_StallEP)
    USBD_LL_Start                            0x08003c23   Thumb Code    18  usbd_conf.o(i.USBD_LL_Start)
    USBD_LL_Suspend                          0x08003c35   Thumb Code    18  usbd_core.o(i.USBD_LL_Suspend)
    USBD_LL_Transmit                         0x08003c47   Thumb Code    18  usbd_conf.o(i.USBD_LL_Transmit)
    USBD_ParseSetupRequest                   0x08003c59   Thumb Code    40  usbd_ctlreq.o(i.USBD_ParseSetupRequest)
    USBD_RegisterClass                       0x08003c81   Thumb Code    16  usbd_core.o(i.USBD_RegisterClass)
    USBD_SetClassConfig                      0x08003c91   Thumb Code    22  usbd_core.o(i.USBD_SetClassConfig)
    USBD_Start                               0x08003d2d   Thumb Code    10  usbd_core.o(i.USBD_Start)
    USBD_StdDevReq                           0x08003d37   Thumb Code   274  usbd_ctlreq.o(i.USBD_StdDevReq)
    USBD_StdEPReq                            0x08003e49   Thumb Code   336  usbd_ctlreq.o(i.USBD_StdEPReq)
    USBD_StdItfReq                           0x08003f99   Thumb Code    78  usbd_ctlreq.o(i.USBD_StdItfReq)
    USBD_static_free                         0x08003fe7   Thumb Code     2  usbd_conf.o(i.USBD_static_free)
    USBD_static_malloc                       0x08003fe9   Thumb Code     4  usbd_conf.o(i.USBD_static_malloc)
    USB_ActivateEndpoint                     0x08003ff1   Thumb Code   600  stm32f1xx_ll_usb.o(i.USB_ActivateEndpoint)
    USB_CoreInit                             0x08004249   Thumb Code     4  stm32f1xx_ll_usb.o(i.USB_CoreInit)
    USB_DeactivateEndpoint                   0x0800424d   Thumb Code   270  stm32f1xx_ll_usb.o(i.USB_DeactivateEndpoint)
    USB_DevConnect                           0x0800435b   Thumb Code     4  stm32f1xx_ll_usb.o(i.USB_DevConnect)
    USB_DevDisconnect                        0x0800435f   Thumb Code     4  stm32f1xx_ll_usb.o(i.USB_DevDisconnect)
    USB_DevInit                              0x08004363   Thumb Code    18  stm32f1xx_ll_usb.o(i.USB_DevInit)
    USB_DisableGlobalInt                     0x08004375   Thumb Code    14  stm32f1xx_ll_usb.o(i.USB_DisableGlobalInt)
    USB_EP0_OutStart                         0x080043f5   Thumb Code     4  stm32f1xx_ll_usb.o(i.USB_EP0_OutStart)
    USB_EPClearStall                         0x080043f9   Thumb Code   120  stm32f1xx_ll_usb.o(i.USB_EPClearStall)
    USB_EPSetStall                           0x08004471   Thumb Code    50  stm32f1xx_ll_usb.o(i.USB_EPSetStall)
    USB_EPStartXfer                          0x080044a5   Thumb Code  1548  stm32f1xx_ll_usb.o(i.USB_EPStartXfer)
    USB_EnableGlobalInt                      0x08004ab1   Thumb Code    18  stm32f1xx_ll_usb.o(i.USB_EnableGlobalInt)
    USB_HP_CAN1_TX_IRQHandler                0x08004ac5   Thumb Code     6  stm32f1xx_it.o(i.USB_HP_CAN1_TX_IRQHandler)
    USB_LP_CAN1_RX0_IRQHandler               0x08004ad1   Thumb Code     6  stm32f1xx_it.o(i.USB_LP_CAN1_RX0_IRQHandler)
    USB_ReadInterrupts                       0x08004add   Thumb Code     6  stm32f1xx_ll_usb.o(i.USB_ReadInterrupts)
    USB_ReadPMA                              0x08004ae5   Thumb Code    44  stm32f1xx_ll_usb.o(i.USB_ReadPMA)
    USB_SetCurrentMode                       0x08004b11   Thumb Code     4  stm32f1xx_ll_usb.o(i.USB_SetCurrentMode)
    USB_SetDevAddress                        0x08004b15   Thumb Code    12  stm32f1xx_ll_usb.o(i.USB_SetDevAddress)
    USB_WritePMA                             0x08004b21   Thumb Code    38  stm32f1xx_ll_usb.o(i.USB_WritePMA)
    UsageFault_Handler                       0x08004b47   Thumb Code     2  stm32f1xx_it.o(i.UsageFault_Handler)
    UserDisplayTask                          0x08004b49   Thumb Code    40  freertos.o(i.UserDisplayTask)
    __scatterload_copy                       0x08004b95   Thumb Code    14  handlers.o(i.__scatterload_copy)
    __scatterload_null                       0x08004ba3   Thumb Code     2  handlers.o(i.__scatterload_null)
    __scatterload_zeroinit                   0x08004ba5   Thumb Code    14  handlers.o(i.__scatterload_zeroinit)
    main                                     0x08004bb3   Thumb Code    42  main.o(i.main)
    osDelay                                  0x08004be9   Thumb Code    14  cmsis_os.o(i.osDelay)
    osKernelStart                            0x08004bf7   Thumb Code    10  cmsis_os.o(i.osKernelStart)
    osThreadCreate                           0x08004c01   Thumb Code    84  cmsis_os.o(i.osThreadCreate)
    pvPortMalloc                             0x08004f99   Thumb Code   210  heap_4.o(i.pvPortMalloc)
    pxPortInitialiseStack                    0x08005071   Thumb Code    32  port.o(i.pxPortInitialiseStack)
    uxListRemove                             0x08005095   Thumb Code    38  list.o(i.uxListRemove)
    vApplicationGetIdleTaskMemory            0x080050bd   Thumb Code    16  freertos.o(i.vApplicationGetIdleTaskMemory)
    vListInitialise                          0x080050d1   Thumb Code    22  list.o(i.vListInitialise)
    vListInitialiseItem                      0x080050e7   Thumb Code     6  list.o(i.vListInitialiseItem)
    vListInsert                              0x080050ed   Thumb Code    48  list.o(i.vListInsert)
    vListInsertEnd                           0x0800511d   Thumb Code    24  list.o(i.vListInsertEnd)
    vPortEnterCritical                       0x08005135   Thumb Code    54  port.o(i.vPortEnterCritical)
    vPortExitCritical                        0x08005175   Thumb Code    34  port.o(i.vPortExitCritical)
    vPortFree                                0x0800519d   Thumb Code    88  heap_4.o(i.vPortFree)
    vPortSetupTimerInterrupt                 0x080051f9   Thumb Code    32  port.o(i.vPortSetupTimerInterrupt)
    vTaskDelay                               0x0800521d   Thumb Code    66  tasks.o(i.vTaskDelay)
    vTaskStartScheduler                      0x08005269   Thumb Code    90  tasks.o(i.vTaskStartScheduler)
    vTaskSuspendAll                          0x080052d5   Thumb Code    10  tasks.o(i.vTaskSuspendAll)
    vTaskSwitchContext                       0x080052e5   Thumb Code    82  tasks.o(i.vTaskSwitchContext)
    xEventGroupCreate                        0x08005341   Thumb Code    28  event_groups.o(i.xEventGroupCreate)
    xPortStartScheduler                      0x0800535d   Thumb Code   154  port.o(i.xPortStartScheduler)
    xPortSysTickHandler                      0x08005405   Thumb Code    38  port.o(i.xPortSysTickHandler)
    xTaskCreate                              0x08005431   Thumb Code    90  tasks.o(i.xTaskCreate)
    xTaskCreateStatic                        0x0800548b   Thumb Code    86  tasks.o(i.xTaskCreateStatic)
    xTaskGetSchedulerState                   0x080054e1   Thumb Code    22  tasks.o(i.xTaskGetSchedulerState)
    xTaskIncrementTick                       0x080054fd   Thumb Code   192  tasks.o(i.xTaskIncrementTick)
    xTaskResumeAll                           0x080055c5   Thumb Code   182  tasks.o(i.xTaskResumeAll)
    AHBPrescTable                            0x080056c0   Data          16  system_stm32f1xx.o(.constdata)
    APBPrescTable                            0x080056d0   Data           8  system_stm32f1xx.o(.constdata)
    Region$$Table$$Base                      0x080056f0   Number         0  anon$$obj.o(Region$$Table)
    Region$$Table$$Limit                     0x08005710   Number         0  anon$$obj.o(Region$$Table)
    UartRcvEventGroup                        0x20000000   Data           4  freertos.o(.data)
    defaultTaskHandle                        0x20000004   Data           4  freertos.o(.data)
    FS_Desc                                  0x20000008   Data          28  usbd_desc.o(.data)
    USBD_LangIDDesc                          0x20000024   Data           4  usbd_desc.o(.data)
    USBD_FS_DeviceDesc                       0x20000028   Data          18  usbd_desc.o(.data)
    USBD_StringSerial                        0x2000003c   Data          26  usbd_desc.o(.data)
    LineCoding                               0x20000058   Data          24  usbd_cdc_if.o(.data)
    USBD_Interface_fops_FS                   0x20000070   Data          16  usbd_cdc_if.o(.data)
    uwTickFreq                               0x20000080   Data           1  stm32f1xx_hal.o(.data)
    uwTickPrio                               0x20000084   Data           4  stm32f1xx_hal.o(.data)
    uwTick                                   0x20000088   Data           4  stm32f1xx_hal.o(.data)
    SystemCoreClock                          0x2000008c   Data           4  system_stm32f1xx.o(.data)
    USBD_CDC_CfgHSDesc                       0x200000a0   Data         207  usbd_cdc.o(.data)
    USBD_CDC_CfgFSDesc                       0x20000170   Data         207  usbd_cdc.o(.data)
    USBD_CDC_OtherSpeedCfgDesc               0x20000240   Data         207  usbd_cdc.o(.data)
    USBD_CDC                                 0x20000310   Data          56  usbd_cdc.o(.data)
    pxCurrentTCB                             0x20000348   Data           4  tasks.o(.data)
    user_param_uart                          0x200003a8   Data        3090  main.o(.bss)
    huart1                                   0x20001210   Data          68  usart.o(.bss)
    huart2                                   0x20001254   Data          68  usart.o(.bss)
    huart3                                   0x20001298   Data          68  usart.o(.bss)
    hdma_usart1_rx                           0x200012dc   Data          68  usart.o(.bss)
    hdma_usart1_tx                           0x20001320   Data          68  usart.o(.bss)
    hdma_usart2_rx                           0x20001364   Data          68  usart.o(.bss)
    hdma_usart2_tx                           0x200013a8   Data          68  usart.o(.bss)
    hdma_usart3_rx                           0x200013ec   Data          68  usart.o(.bss)
    hdma_usart3_tx                           0x20001430   Data          68  usart.o(.bss)
    hUsbDeviceFS                             0x20001474   Data         708  usb_device.o(.bss)
    USBD_StrDesc                             0x20001738   Data         512  usbd_desc.o(.bss)
    UserRxBufferFS                           0x20001938   Data        1000  usbd_cdc_if.o(.bss)
    UserTxBufferFS                           0x20001d20   Data        1000  usbd_cdc_if.o(.bss)
    hpcd_USB_FS                              0x20002328   Data         748  usbd_conf.o(.bss)
    __initial_sp                             0x20004308   Data           0  startup_stm32f103xe.o(STACK)



==============================================================================

Memory Map of the image

  Image Entry point : 0x08000131

  Load Region LR_IROM1 (Base: 0x08000000, Size: 0x00005ab8, Max: 0x00080000, ABSOLUTE, COMPRESSED[0x00005824])

    Execution Region ER_IROM1 (Exec base: 0x08000000, Load base: 0x08000000, Size: 0x00005710, Max: 0x00080000, ABSOLUTE)

    Exec Addr    Load Addr    Size         Type   Attr      Idx    E Section Name        Object

    0x08000000   0x08000000   0x00000130   Data   RO            3    RESET               startup_stm32f103xe.o
    0x08000130   0x08000130   0x00000000   Code   RO         4474  * .ARM.Collect$$$$00000000  mc_w.l(entry.o)
    0x08000130   0x08000130   0x00000004   Code   RO         4487    .ARM.Collect$$$$00000001  mc_w.l(entry2.o)
    0x08000134   0x08000134   0x00000004   Code   RO         4490    .ARM.Collect$$$$00000004  mc_w.l(entry5.o)
    0x08000138   0x08000138   0x00000000   Code   RO         4492    .ARM.Collect$$$$00000008  mc_w.l(entry7b.o)
    0x08000138   0x08000138   0x00000000   Code   RO         4494    .ARM.Collect$$$$0000000A  mc_w.l(entry8b.o)
    0x08000138   0x08000138   0x00000008   Code   RO         4495    .ARM.Collect$$$$0000000B  mc_w.l(entry9a.o)
    0x08000140   0x08000140   0x00000004   Code   RO         4502    .ARM.Collect$$$$0000000E  mc_w.l(entry12b.o)
    0x08000144   0x08000144   0x00000000   Code   RO         4497    .ARM.Collect$$$$0000000F  mc_w.l(entry10a.o)
    0x08000144   0x08000144   0x00000000   Code   RO         4499    .ARM.Collect$$$$00000011  mc_w.l(entry11a.o)
    0x08000144   0x08000144   0x00000004   Code   RO         4488    .ARM.Collect$$$$00002712  mc_w.l(entry2.o)
    0x08000148   0x08000148   0x00000096   Code   RO         4397    .emb_text           port.o
    0x080001de   0x080001de   0x00000002   PAD
    0x080001e0   0x080001e0   0x00000024   Code   RO            4    .text               startup_stm32f103xe.o
    0x08000204   0x08000204   0x00000024   Code   RO         4479    .text               mc_w.l(memcpya.o)
    0x08000228   0x08000228   0x00000024   Code   RO         4483    .text               mc_w.l(memseta.o)
    0x0800024c   0x0800024c   0x00000024   Code   RO         4503    .text               mc_w.l(init.o)
    0x08000270   0x08000270   0x00000056   Code   RO         4513    .text               mc_w.l(__dczerorl2.o)
    0x080002c6   0x080002c6   0x00000002   Code   RO          399    i.BusFault_Handler  stm32f1xx_it.o
    0x080002c8   0x080002c8   0x00000088   Code   RO          675    i.CDC_Control_FS    usbd_cdc_if.o
    0x08000350   0x08000350   0x00000004   Code   RO          676    i.CDC_DeInit_FS     usbd_cdc_if.o
    0x08000354   0x08000354   0x00000024   Code   RO          677    i.CDC_Init_FS       usbd_cdc_if.o
    0x08000378   0x08000378   0x00000098   Code   RO          678    i.CDC_Receive_FS    usbd_cdc_if.o
    0x08000410   0x08000410   0x00000030   Code   RO          679    i.CDC_Transmit_FS   usbd_cdc_if.o
    0x08000440   0x08000440   0x00000090   Code   RO          339    i.ComPort_Config    usart.o
    0x080004d0   0x080004d0   0x0000000c   Code   RO          400    i.DMA1_Channel2_IRQHandler  stm32f1xx_it.o
    0x080004dc   0x080004dc   0x00000040   Code   RO          401    i.DMA1_Channel3_IRQHandler  stm32f1xx_it.o
    0x0800051c   0x0800051c   0x0000000c   Code   RO          402    i.DMA1_Channel4_IRQHandler  stm32f1xx_it.o
    0x08000528   0x08000528   0x00000040   Code   RO          403    i.DMA1_Channel5_IRQHandler  stm32f1xx_it.o
    0x08000568   0x08000568   0x00000040   Code   RO          404    i.DMA1_Channel6_IRQHandler  stm32f1xx_it.o
    0x080005a8   0x080005a8   0x0000000c   Code   RO          405    i.DMA1_Channel7_IRQHandler  stm32f1xx_it.o
    0x080005b4   0x080005b4   0x0000002a   Code   RO         1813    i.DMA_SetConfig     stm32f1xx_hal_dma.o
    0x080005de   0x080005de   0x00000002   Code   RO          406    i.DebugMon_Handler  stm32f1xx_it.o
    0x080005e0   0x080005e0   0x00000004   Code   RO           13    i.Error_Handler     main.o
    0x080005e4   0x080005e4   0x00000046   Code   RO         1814    i.HAL_DMA_Abort     stm32f1xx_hal_dma.o
    0x0800062a   0x0800062a   0x00000002   PAD
    0x0800062c   0x0800062c   0x00000130   Code   RO         1815    i.HAL_DMA_Abort_IT  stm32f1xx_hal_dma.o
    0x0800075c   0x0800075c   0x00000080   Code   RO         1816    i.HAL_DMA_DeInit    stm32f1xx_hal_dma.o
    0x080007dc   0x080007dc   0x00000248   Code   RO         1819    i.HAL_DMA_IRQHandler  stm32f1xx_hal_dma.o
    0x08000a24   0x08000a24   0x0000007c   Code   RO         1820    i.HAL_DMA_Init      stm32f1xx_hal_dma.o
    0x08000aa0   0x08000aa0   0x00000070   Code   RO         1824    i.HAL_DMA_Start_IT  stm32f1xx_hal_dma.o
    0x08000b10   0x08000b10   0x00000024   Code   RO         1442    i.HAL_Delay         stm32f1xx_hal.o
    0x08000b34   0x08000b34   0x00000120   Code   RO         1747    i.HAL_GPIO_DeInit   stm32f1xx_hal_gpio.o
    0x08000c54   0x08000c54   0x000001f8   Code   RO         1750    i.HAL_GPIO_Init     stm32f1xx_hal_gpio.o
    0x08000e4c   0x08000e4c   0x0000000a   Code   RO         1754    i.HAL_GPIO_WritePin  stm32f1xx_hal_gpio.o
    0x08000e56   0x08000e56   0x00000002   PAD
    0x08000e58   0x08000e58   0x0000000c   Code   RO         1446    i.HAL_GetTick       stm32f1xx_hal.o
    0x08000e64   0x08000e64   0x00000010   Code   RO         1452    i.HAL_IncTick       stm32f1xx_hal.o
    0x08000e74   0x08000e74   0x00000024   Code   RO         1453    i.HAL_Init          stm32f1xx_hal.o
    0x08000e98   0x08000e98   0x00000040   Code   RO         1454    i.HAL_InitTick      stm32f1xx_hal.o
    0x08000ed8   0x08000ed8   0x00000048   Code   RO          529    i.HAL_MspInit       stm32f1xx_hal_msp.o
    0x08000f20   0x08000f20   0x00000022   Code   RO         1909    i.HAL_NVIC_DisableIRQ  stm32f1xx_hal_cortex.o
    0x08000f42   0x08000f42   0x0000001a   Code   RO         1910    i.HAL_NVIC_EnableIRQ  stm32f1xx_hal_cortex.o
    0x08000f5c   0x08000f5c   0x00000040   Code   RO         1916    i.HAL_NVIC_SetPriority  stm32f1xx_hal_cortex.o
    0x08000f9c   0x08000f9c   0x00000024   Code   RO         1917    i.HAL_NVIC_SetPriorityGrouping  stm32f1xx_hal_cortex.o
    0x08000fc0   0x08000fc0   0x0000003c   Code   RO         1215    i.HAL_PCDEx_PMAConfig  stm32f1xx_hal_pcd_ex.o
    0x08000ffc   0x08000ffc   0x00000002   Code   RO          734    i.HAL_PCDEx_SetConnectionState  usbd_conf.o
    0x08000ffe   0x08000ffe   0x00000012   Code   RO          736    i.HAL_PCD_DataInStageCallback  usbd_conf.o
    0x08001010   0x08001010   0x00000014   Code   RO          737    i.HAL_PCD_DataOutStageCallback  usbd_conf.o
    0x08001024   0x08001024   0x0000004c   Code   RO          991    i.HAL_PCD_EP_Close  stm32f1xx_hal_pcd.o
    0x08001070   0x08001070   0x0000005c   Code   RO          992    i.HAL_PCD_EP_ClrStall  stm32f1xx_hal_pcd.o
    0x080010cc   0x080010cc   0x000000e6   Code   RO          993    i.HAL_PCD_EP_DB_Receive  stm32f1xx_hal_pcd.o
    0x080011b2   0x080011b2   0x00000330   Code   RO          994    i.HAL_PCD_EP_DB_Transmit  stm32f1xx_hal_pcd.o
    0x080014e2   0x080014e2   0x00000012   Code   RO          996    i.HAL_PCD_EP_GetRxCount  stm32f1xx_hal_pcd.o
    0x080014f4   0x080014f4   0x00000060   Code   RO          997    i.HAL_PCD_EP_Open   stm32f1xx_hal_pcd.o
    0x08001554   0x08001554   0x00000032   Code   RO          998    i.HAL_PCD_EP_Receive  stm32f1xx_hal_pcd.o
    0x08001586   0x08001586   0x00000072   Code   RO          999    i.HAL_PCD_EP_SetStall  stm32f1xx_hal_pcd.o
    0x080015f8   0x080015f8   0x00000034   Code   RO         1000    i.HAL_PCD_EP_Transmit  stm32f1xx_hal_pcd.o
    0x0800162c   0x0800162c   0x00000154   Code   RO         1002    i.HAL_PCD_IRQHandler  stm32f1xx_hal_pcd.o
    0x08001780   0x08001780   0x000000da   Code   RO         1005    i.HAL_PCD_Init      stm32f1xx_hal_pcd.o
    0x0800185a   0x0800185a   0x00000002   PAD
    0x0800185c   0x0800185c   0x0000004c   Code   RO          742    i.HAL_PCD_MspInit   usbd_conf.o
    0x080018a8   0x080018a8   0x00000026   Code   RO          743    i.HAL_PCD_ResetCallback  usbd_conf.o
    0x080018ce   0x080018ce   0x00000008   Code   RO          744    i.HAL_PCD_ResumeCallback  usbd_conf.o
    0x080018d6   0x080018d6   0x00000008   Code   RO          745    i.HAL_PCD_SOFCallback  usbd_conf.o
    0x080018de   0x080018de   0x00000028   Code   RO         1011    i.HAL_PCD_SetAddress  stm32f1xx_hal_pcd.o
    0x08001906   0x08001906   0x0000000e   Code   RO          746    i.HAL_PCD_SetupStageCallback  usbd_conf.o
    0x08001914   0x08001914   0x00000032   Code   RO         1013    i.HAL_PCD_Start     stm32f1xx_hal_pcd.o
    0x08001946   0x08001946   0x00000002   PAD
    0x08001948   0x08001948   0x00000024   Code   RO          747    i.HAL_PCD_SuspendCallback  usbd_conf.o
    0x0800196c   0x0800196c   0x000000ec   Code   RO         1713    i.HAL_RCCEx_PeriphCLKConfig  stm32f1xx_hal_rcc_ex.o
    0x08001a58   0x08001a58   0x0000012c   Code   RO         1610    i.HAL_RCC_ClockConfig  stm32f1xx_hal_rcc.o
    0x08001b84   0x08001b84   0x00000020   Code   RO         1617    i.HAL_RCC_GetPCLK1Freq  stm32f1xx_hal_rcc.o
    0x08001ba4   0x08001ba4   0x00000020   Code   RO         1618    i.HAL_RCC_GetPCLK2Freq  stm32f1xx_hal_rcc.o
    0x08001bc4   0x08001bc4   0x00000074   Code   RO         1619    i.HAL_RCC_GetSysClockFreq  stm32f1xx_hal_rcc.o
    0x08001c38   0x08001c38   0x00000320   Code   RO         1622    i.HAL_RCC_OscConfig  stm32f1xx_hal_rcc.o
    0x08001f58   0x08001f58   0x00000028   Code   RO         1921    i.HAL_SYSTICK_Config  stm32f1xx_hal_cortex.o
    0x08001f80   0x08001f80   0x00000002   Code   RO         2457    i.HAL_UARTEx_RxEventCallback  stm32f1xx_hal_uart.o
    0x08001f82   0x08001f82   0x00000058   Code   RO         2469    i.HAL_UART_DMAStop  stm32f1xx_hal_uart.o
    0x08001fda   0x08001fda   0x00000034   Code   RO         2470    i.HAL_UART_DeInit   stm32f1xx_hal_uart.o
    0x0800200e   0x0800200e   0x00000002   Code   RO         2471    i.HAL_UART_ErrorCallback  stm32f1xx_hal_uart.o
    0x08002010   0x08002010   0x0000020c   Code   RO         2474    i.HAL_UART_IRQHandler  stm32f1xx_hal_uart.o
    0x0800221c   0x0800221c   0x00000062   Code   RO         2475    i.HAL_UART_Init     stm32f1xx_hal_uart.o
    0x0800227e   0x0800227e   0x00000002   PAD
    0x08002280   0x08002280   0x000000a0   Code   RO          340    i.HAL_UART_MspDeInit  usart.o
    0x08002320   0x08002320   0x00000294   Code   RO          341    i.HAL_UART_MspInit  usart.o
    0x080025b4   0x080025b4   0x0000002a   Code   RO         2479    i.HAL_UART_Receive_DMA  stm32f1xx_hal_uart.o
    0x080025de   0x080025de   0x00000002   Code   RO         2481    i.HAL_UART_RxCpltCallback  stm32f1xx_hal_uart.o
    0x080025e0   0x080025e0   0x00000002   Code   RO         2482    i.HAL_UART_RxHalfCpltCallback  stm32f1xx_hal_uart.o
    0x080025e2   0x080025e2   0x00000002   PAD
    0x080025e4   0x080025e4   0x00000080   Code   RO         2484    i.HAL_UART_Transmit_DMA  stm32f1xx_hal_uart.o
    0x08002664   0x08002664   0x00000030   Code   RO          680    i.HAL_UART_TxCpltCallback  usbd_cdc_if.o
    0x08002694   0x08002694   0x00000002   Code   RO         2487    i.HAL_UART_TxHalfCpltCallback  stm32f1xx_hal_uart.o
    0x08002696   0x08002696   0x00000002   Code   RO          407    i.HardFault_Handler  stm32f1xx_it.o
    0x08002698   0x08002698   0x00000038   Code   RO          589    i.IntToUnicode      usbd_desc.o
    0x080026d0   0x080026d0   0x0000007c   Code   RO          315    i.MX_DMA_Init       dma.o
    0x0800274c   0x0800274c   0x00000044   Code   RO          259    i.MX_FREERTOS_Init  freertos.o
    0x08002790   0x08002790   0x00000070   Code   RO          231    i.MX_GPIO_Init      gpio.o
    0x08002800   0x08002800   0x00000050   Code   RO          342    i.MX_USART1_UART_Init  usart.o
    0x08002850   0x08002850   0x00000050   Code   RO          343    i.MX_USART2_UART_Init  usart.o
    0x080028a0   0x080028a0   0x00000050   Code   RO          344    i.MX_USART3_UART_Init  usart.o
    0x080028f0   0x080028f0   0x00000058   Code   RO          553    i.MX_USB_DEVICE_Init  usb_device.o
    0x08002948   0x08002948   0x00000002   Code   RO          408    i.MemManage_Handler  stm32f1xx_it.o
    0x0800294a   0x0800294a   0x00000002   Code   RO          409    i.NMI_Handler       stm32f1xx_it.o
    0x0800294c   0x0800294c   0x00000314   Code   RO         1017    i.PCD_EP_ISR_Handler  stm32f1xx_hal_pcd.o
    0x08002c60   0x08002c60   0x000000a4   Code   RO          260    i.StartDefaultTask  freertos.o
    0x08002d04   0x08002d04   0x00000018   Code   RO          410    i.SysTick_Handler   stm32f1xx_it.o
    0x08002d1c   0x08002d1c   0x00000078   Code   RO           14    i.SystemClock_Config  main.o
    0x08002d94   0x08002d94   0x00000002   Code   RO         2804    i.SystemInit        system_stm32f1xx.o
    0x08002d96   0x08002d96   0x00000010   Code   RO         2488    i.UART_DMAAbortOnError  stm32f1xx_hal_uart.o
    0x08002da6   0x08002da6   0x0000004a   Code   RO         2489    i.UART_DMAError     stm32f1xx_hal_uart.o
    0x08002df0   0x08002df0   0x0000005a   Code   RO         2490    i.UART_DMAReceiveCplt  stm32f1xx_hal_uart.o
    0x08002e4a   0x08002e4a   0x0000001a   Code   RO         2492    i.UART_DMARxHalfCplt  stm32f1xx_hal_uart.o
    0x08002e64   0x08002e64   0x0000002e   Code   RO         2494    i.UART_DMATransmitCplt  stm32f1xx_hal_uart.o
    0x08002e92   0x08002e92   0x0000000a   Code   RO         2496    i.UART_DMATxHalfCplt  stm32f1xx_hal_uart.o
    0x08002e9c   0x08002e9c   0x00000030   Code   RO         2498    i.UART_EndRxTransfer  stm32f1xx_hal_uart.o
    0x08002ecc   0x08002ecc   0x00000012   Code   RO         2499    i.UART_EndTxTransfer  stm32f1xx_hal_uart.o
    0x08002ede   0x08002ede   0x000000b6   Code   RO         2500    i.UART_Receive_IT   stm32f1xx_hal_uart.o
    0x08002f94   0x08002f94   0x000000b8   Code   RO         2501    i.UART_SetConfig    stm32f1xx_hal_uart.o
    0x0800304c   0x0800304c   0x00000070   Code   RO         2502    i.UART_Start_Receive_DMA  stm32f1xx_hal_uart.o
    0x080030bc   0x080030bc   0x0000005c   Code   RO          411    i.USART1_IRQHandler  stm32f1xx_it.o
    0x08003118   0x08003118   0x0000005c   Code   RO          412    i.USART2_IRQHandler  stm32f1xx_it.o
    0x08003174   0x08003174   0x0000005c   Code   RO          413    i.USART3_IRQHandler  stm32f1xx_it.o
    0x080031d0   0x080031d0   0x00000046   Code   RO         3104    i.USBD_CDC_DataIn   usbd_cdc.o
    0x08003216   0x08003216   0x00000032   Code   RO         3105    i.USBD_CDC_DataOut  usbd_cdc.o
    0x08003248   0x08003248   0x00000086   Code   RO         3106    i.USBD_CDC_DeInit   usbd_cdc.o
    0x080032ce   0x080032ce   0x0000002a   Code   RO         3107    i.USBD_CDC_EP0_RxReady  usbd_cdc.o
    0x080032f8   0x080032f8   0x0000000c   Code   RO         3108    i.USBD_CDC_GetDeviceQualifierDescriptor  usbd_cdc.o
    0x08003304   0x08003304   0x0000000c   Code   RO         3109    i.USBD_CDC_GetFSCfgDesc  usbd_cdc.o
    0x08003310   0x08003310   0x0000000c   Code   RO         3110    i.USBD_CDC_GetHSCfgDesc  usbd_cdc.o
    0x0800331c   0x0800331c   0x0000000c   Code   RO         3111    i.USBD_CDC_GetOtherSpeedCfgDesc  usbd_cdc.o
    0x08003328   0x08003328   0x0000011c   Code   RO         3112    i.USBD_CDC_Init     usbd_cdc.o
    0x08003444   0x08003444   0x00000028   Code   RO         3113    i.USBD_CDC_ReceivePacket  usbd_cdc.o
    0x0800346c   0x0800346c   0x00000010   Code   RO         3114    i.USBD_CDC_RegisterInterface  usbd_cdc.o
    0x0800347c   0x0800347c   0x0000000c   Code   RO         3115    i.USBD_CDC_SetRxBuffer  usbd_cdc.o
    0x08003488   0x08003488   0x00000010   Code   RO         3116    i.USBD_CDC_SetTxBuffer  usbd_cdc.o
    0x08003498   0x08003498   0x000000b8   Code   RO         3117    i.USBD_CDC_Setup    usbd_cdc.o
    0x08003550   0x08003550   0x00000040   Code   RO         3118    i.USBD_CDC_TransmitPacket  usbd_cdc.o
    0x08003590   0x08003590   0x0000000e   Code   RO         2841    i.USBD_ClrClassConfig  usbd_core.o
    0x0800359e   0x0800359e   0x00000010   Code   RO         3044    i.USBD_CtlContinueRx  usbd_ioreq.o
    0x080035ae   0x080035ae   0x00000010   Code   RO         3045    i.USBD_CtlContinueSendData  usbd_ioreq.o
    0x080035be   0x080035be   0x00000016   Code   RO         2979    i.USBD_CtlError     usbd_ctlreq.o
    0x080035d4   0x080035d4   0x0000001e   Code   RO         3046    i.USBD_CtlPrepareRx  usbd_ioreq.o
    0x080035f2   0x080035f2   0x00000016   Code   RO         3047    i.USBD_CtlReceiveStatus  usbd_ioreq.o
    0x08003608   0x08003608   0x0000001a   Code   RO         3048    i.USBD_CtlSendData  usbd_ioreq.o
    0x08003622   0x08003622   0x00000016   Code   RO         3049    i.USBD_CtlSendStatus  usbd_ioreq.o
    0x08003638   0x08003638   0x00000020   Code   RO          590    i.USBD_FS_ConfigStrDescriptor  usbd_desc.o
    0x08003658   0x08003658   0x0000000c   Code   RO          591    i.USBD_FS_DeviceDescriptor  usbd_desc.o
    0x08003664   0x08003664   0x00000024   Code   RO          592    i.USBD_FS_InterfaceStrDescriptor  usbd_desc.o
    0x08003688   0x08003688   0x0000000c   Code   RO          593    i.USBD_FS_LangIDStrDescriptor  usbd_desc.o
    0x08003694   0x08003694   0x00000028   Code   RO          594    i.USBD_FS_ManufacturerStrDescriptor  usbd_desc.o
    0x080036bc   0x080036bc   0x0000002c   Code   RO          595    i.USBD_FS_ProductStrDescriptor  usbd_desc.o
    0x080036e8   0x080036e8   0x00000038   Code   RO          596    i.USBD_FS_SerialStrDescriptor  usbd_desc.o
    0x08003720   0x08003720   0x000000e8   Code   RO         2980    i.USBD_GetDescriptor  usbd_ctlreq.o
    0x08003808   0x08003808   0x00000048   Code   RO         2981    i.USBD_GetString    usbd_ctlreq.o
    0x08003850   0x08003850   0x00000018   Code   RO          748    i.USBD_Get_USB_Status  usbd_conf.o
    0x08003868   0x08003868   0x0000002a   Code   RO         2843    i.USBD_Init         usbd_core.o
    0x08003892   0x08003892   0x00000012   Code   RO          749    i.USBD_LL_ClearStallEP  usbd_conf.o
    0x080038a4   0x080038a4   0x00000012   Code   RO          750    i.USBD_LL_CloseEP   usbd_conf.o
    0x080038b6   0x080038b6   0x000000c6   Code   RO         2844    i.USBD_LL_DataInStage  usbd_core.o
    0x0800397c   0x0800397c   0x00000082   Code   RO         2845    i.USBD_LL_DataOutStage  usbd_core.o
    0x080039fe   0x080039fe   0x00000008   Code   RO          754    i.USBD_LL_GetRxDataSize  usbd_conf.o
    0x08003a06   0x08003a06   0x00000002   PAD
    0x08003a08   0x08003a08   0x000000d0   Code   RO          755    i.USBD_LL_Init      usbd_conf.o
    0x08003ad8   0x08003ad8   0x00000020   Code   RO          756    i.USBD_LL_IsStallEP  usbd_conf.o
    0x08003af8   0x08003af8   0x00000018   Code   RO          757    i.USBD_LL_OpenEP    usbd_conf.o
    0x08003b10   0x08003b10   0x00000012   Code   RO          758    i.USBD_LL_PrepareReceive  usbd_conf.o
    0x08003b22   0x08003b22   0x00000050   Code   RO         2850    i.USBD_LL_Reset     usbd_core.o
    0x08003b72   0x08003b72   0x00000014   Code   RO         2851    i.USBD_LL_Resume    usbd_core.o
    0x08003b86   0x08003b86   0x00000018   Code   RO         2852    i.USBD_LL_SOF       usbd_core.o
    0x08003b9e   0x08003b9e   0x00000006   Code   RO         2853    i.USBD_LL_SetSpeed  usbd_core.o
    0x08003ba4   0x08003ba4   0x00000012   Code   RO          759    i.USBD_LL_SetUSBAddress  usbd_conf.o
    0x08003bb6   0x08003bb6   0x0000005a   Code   RO         2854    i.USBD_LL_SetupStage  usbd_core.o
    0x08003c10   0x08003c10   0x00000012   Code   RO          760    i.USBD_LL_StallEP   usbd_conf.o
    0x08003c22   0x08003c22   0x00000012   Code   RO          761    i.USBD_LL_Start     usbd_conf.o
    0x08003c34   0x08003c34   0x00000012   Code   RO         2855    i.USBD_LL_Suspend   usbd_core.o
    0x08003c46   0x08003c46   0x00000012   Code   RO          763    i.USBD_LL_Transmit  usbd_conf.o
    0x08003c58   0x08003c58   0x00000028   Code   RO         2982    i.USBD_ParseSetupRequest  usbd_ctlreq.o
    0x08003c80   0x08003c80   0x00000010   Code   RO         2856    i.USBD_RegisterClass  usbd_core.o
    0x08003c90   0x08003c90   0x00000016   Code   RO         2858    i.USBD_SetClassConfig  usbd_core.o
    0x08003ca6   0x08003ca6   0x00000002   PAD
    0x08003ca8   0x08003ca8   0x00000084   Code   RO         2983    i.USBD_SetConfig    usbd_ctlreq.o
    0x08003d2c   0x08003d2c   0x0000000a   Code   RO         2859    i.USBD_Start        usbd_core.o
    0x08003d36   0x08003d36   0x00000112   Code   RO         2984    i.USBD_StdDevReq    usbd_ctlreq.o
    0x08003e48   0x08003e48   0x00000150   Code   RO         2985    i.USBD_StdEPReq     usbd_ctlreq.o
    0x08003f98   0x08003f98   0x0000004e   Code   RO         2986    i.USBD_StdItfReq    usbd_ctlreq.o
    0x08003fe6   0x08003fe6   0x00000002   Code   RO          764    i.USBD_static_free  usbd_conf.o
    0x08003fe8   0x08003fe8   0x00000008   Code   RO          765    i.USBD_static_malloc  usbd_conf.o
    0x08003ff0   0x08003ff0   0x00000258   Code   RO         1255    i.USB_ActivateEndpoint  stm32f1xx_ll_usb.o
    0x08004248   0x08004248   0x00000004   Code   RO         1258    i.USB_CoreInit      stm32f1xx_ll_usb.o
    0x0800424c   0x0800424c   0x0000010e   Code   RO         1260    i.USB_DeactivateEndpoint  stm32f1xx_ll_usb.o
    0x0800435a   0x0800435a   0x00000004   Code   RO         1261    i.USB_DevConnect    stm32f1xx_ll_usb.o
    0x0800435e   0x0800435e   0x00000004   Code   RO         1262    i.USB_DevDisconnect  stm32f1xx_ll_usb.o
    0x08004362   0x08004362   0x00000012   Code   RO         1263    i.USB_DevInit       stm32f1xx_ll_usb.o
    0x08004374   0x08004374   0x0000000e   Code   RO         1264    i.USB_DisableGlobalInt  stm32f1xx_ll_usb.o
    0x08004382   0x08004382   0x00000002   PAD
    0x08004384   0x08004384   0x00000070   Code   RO          554    i.USB_Disconnected  usb_device.o
    0x080043f4   0x080043f4   0x00000004   Code   RO         1265    i.USB_EP0_OutStart  stm32f1xx_ll_usb.o
    0x080043f8   0x080043f8   0x00000078   Code   RO         1266    i.USB_EPClearStall  stm32f1xx_ll_usb.o
    0x08004470   0x08004470   0x00000032   Code   RO         1267    i.USB_EPSetStall    stm32f1xx_ll_usb.o
    0x080044a2   0x080044a2   0x00000002   PAD
    0x080044a4   0x080044a4   0x0000060c   Code   RO         1268    i.USB_EPStartXfer   stm32f1xx_ll_usb.o
    0x08004ab0   0x08004ab0   0x00000012   Code   RO         1269    i.USB_EnableGlobalInt  stm32f1xx_ll_usb.o
    0x08004ac2   0x08004ac2   0x00000002   PAD
    0x08004ac4   0x08004ac4   0x0000000c   Code   RO          414    i.USB_HP_CAN1_TX_IRQHandler  stm32f1xx_it.o
    0x08004ad0   0x08004ad0   0x0000000c   Code   RO          415    i.USB_LP_CAN1_RX0_IRQHandler  stm32f1xx_it.o
    0x08004adc   0x08004adc   0x00000006   Code   RO         1276    i.USB_ReadInterrupts  stm32f1xx_ll_usb.o
    0x08004ae2   0x08004ae2   0x00000002   PAD
    0x08004ae4   0x08004ae4   0x0000002c   Code   RO         1277    i.USB_ReadPMA       stm32f1xx_ll_usb.o
    0x08004b10   0x08004b10   0x00000004   Code   RO         1278    i.USB_SetCurrentMode  stm32f1xx_ll_usb.o
    0x08004b14   0x08004b14   0x0000000c   Code   RO         1279    i.USB_SetDevAddress  stm32f1xx_ll_usb.o
    0x08004b20   0x08004b20   0x00000026   Code   RO         1281    i.USB_WritePMA      stm32f1xx_ll_usb.o
    0x08004b46   0x08004b46   0x00000002   Code   RO          416    i.UsageFault_Handler  stm32f1xx_it.o
    0x08004b48   0x08004b48   0x0000002c   Code   RO          261    i.UserDisplayTask   freertos.o
    0x08004b74   0x08004b74   0x00000020   Code   RO         1923    i.__NVIC_SetPriority  stm32f1xx_hal_cortex.o
    0x08004b94   0x08004b94   0x0000000e   Code   RO         4507    i.__scatterload_copy  mc_w.l(handlers.o)
    0x08004ba2   0x08004ba2   0x00000002   Code   RO         4508    i.__scatterload_null  mc_w.l(handlers.o)
    0x08004ba4   0x08004ba4   0x0000000e   Code   RO         4509    i.__scatterload_zeroinit  mc_w.l(handlers.o)
    0x08004bb2   0x08004bb2   0x0000002a   Code   RO           15    i.main              main.o
    0x08004bdc   0x08004bdc   0x0000000c   Code   RO         3969    i.makeFreeRtosPriority  cmsis_os.o
    0x08004be8   0x08004be8   0x0000000e   Code   RO         3971    i.osDelay           cmsis_os.o
    0x08004bf6   0x08004bf6   0x0000000a   Code   RO         3974    i.osKernelStart     cmsis_os.o
    0x08004c00   0x08004c00   0x00000054   Code   RO         4008    i.osThreadCreate    cmsis_os.o
    0x08004c54   0x08004c54   0x00000070   Code   RO         3666    i.prvAddCurrentTaskToDelayedList  tasks.o
    0x08004cc4   0x08004cc4   0x000000d0   Code   RO         3667    i.prvAddNewTaskToReadyList  tasks.o
    0x08004d94   0x08004d94   0x00000034   Code   RO         3668    i.prvDeleteTCB      tasks.o
    0x08004dc8   0x08004dc8   0x0000004c   Code   RO         4336    i.prvHeapInit       heap_4.o
    0x08004e14   0x08004e14   0x00000060   Code   RO         3669    i.prvIdleTask       tasks.o
    0x08004e74   0x08004e74   0x0000008e   Code   RO         3670    i.prvInitialiseNewTask  tasks.o
    0x08004f02   0x08004f02   0x00000002   PAD
    0x08004f04   0x08004f04   0x0000004c   Code   RO         4337    i.prvInsertBlockIntoFreeList  heap_4.o
    0x08004f50   0x08004f50   0x00000020   Code   RO         3671    i.prvResetNextTaskUnblockTime  tasks.o
    0x08004f70   0x08004f70   0x00000028   Code   RO         4398    i.prvTaskExitError  port.o
    0x08004f98   0x08004f98   0x000000d8   Code   RO         4338    i.pvPortMalloc      heap_4.o
    0x08005070   0x08005070   0x00000024   Code   RO         4399    i.pxPortInitialiseStack  port.o
    0x08005094   0x08005094   0x00000026   Code   RO         3311    i.uxListRemove      list.o
    0x080050ba   0x080050ba   0x00000002   PAD
    0x080050bc   0x080050bc   0x00000014   Code   RO          262    i.vApplicationGetIdleTaskMemory  freertos.o
    0x080050d0   0x080050d0   0x00000016   Code   RO         3312    i.vListInitialise   list.o
    0x080050e6   0x080050e6   0x00000006   Code   RO         3313    i.vListInitialiseItem  list.o
    0x080050ec   0x080050ec   0x00000030   Code   RO         3314    i.vListInsert       list.o
    0x0800511c   0x0800511c   0x00000018   Code   RO         3315    i.vListInsertEnd    list.o
    0x08005134   0x08005134   0x00000040   Code   RO         4401    i.vPortEnterCritical  port.o
    0x08005174   0x08005174   0x00000028   Code   RO         4402    i.vPortExitCritical  port.o
    0x0800519c   0x0800519c   0x0000005c   Code   RO         4339    i.vPortFree         heap_4.o
    0x080051f8   0x080051f8   0x00000024   Code   RO         4403    i.vPortSetupTimerInterrupt  port.o
    0x0800521c   0x0800521c   0x0000004c   Code   RO         3679    i.vTaskDelay        tasks.o
    0x08005268   0x08005268   0x0000006c   Code   RO         3692    i.vTaskStartScheduler  tasks.o
    0x080052d4   0x080052d4   0x00000010   Code   RO         3694    i.vTaskSuspendAll   tasks.o
    0x080052e4   0x080052e4   0x0000005c   Code   RO         3695    i.vTaskSwitchContext  tasks.o
    0x08005340   0x08005340   0x0000001c   Code   RO         3221    i.xEventGroupCreate  event_groups.o
    0x0800535c   0x0800535c   0x000000a8   Code   RO         4405    i.xPortStartScheduler  port.o
    0x08005404   0x08005404   0x0000002c   Code   RO         4406    i.xPortSysTickHandler  port.o
    0x08005430   0x08005430   0x0000005a   Code   RO         3697    i.xTaskCreate       tasks.o
    0x0800548a   0x0800548a   0x00000056   Code   RO         3698    i.xTaskCreateStatic  tasks.o
    0x080054e0   0x080054e0   0x0000001c   Code   RO         3702    i.xTaskGetSchedulerState  tasks.o
    0x080054fc   0x080054fc   0x000000c8   Code   RO         3705    i.xTaskIncrementTick  tasks.o
    0x080055c4   0x080055c4   0x000000c4   Code   RO         3711    i.xTaskResumeAll    tasks.o
    0x08005688   0x08005688   0x00000038   Data   RO          264    .constdata          freertos.o
    0x080056c0   0x080056c0   0x00000010   Data   RO         2805    .constdata          system_stm32f1xx.o
    0x080056d0   0x080056d0   0x00000008   Data   RO         2806    .constdata          system_stm32f1xx.o
    0x080056d8   0x080056d8   0x00000018   Data   RO          265    .conststring        freertos.o
    0x080056f0   0x080056f0   0x00000020   Data   RO         4505    Region$$Table       anon$$obj.o


    Execution Region RW_IRAM1 (Exec base: 0x20000000, Load base: 0x08005710, Size: 0x00004308, Max: 0x00010000, ABSOLUTE, COMPRESSED[0x00000114])

    Exec Addr    Load Addr    Size         Type   Attr      Idx    E Section Name        Object

    0x20000000   COMPRESSED   0x00000008   Data   RW          266    .data               freertos.o
    0x20000008   COMPRESSED   0x0000001c   Data   RW          598    .data               usbd_desc.o
    0x20000024   COMPRESSED   0x00000032   Data   RW          599    .data               usbd_desc.o
    0x20000056   COMPRESSED   0x00000002   PAD
    0x20000058   COMPRESSED   0x00000018   Data   RW          682    .data               usbd_cdc_if.o
    0x20000070   COMPRESSED   0x00000010   Data   RW          683    .data               usbd_cdc_if.o
    0x20000080   COMPRESSED   0x0000000c   Data   RW         1460    .data               stm32f1xx_hal.o
    0x2000008c   COMPRESSED   0x00000004   Data   RW         2807    .data               system_stm32f1xx.o
    0x20000090   COMPRESSED   0x00000001   Data   RW         2987    .data               usbd_ctlreq.o
    0x20000091   COMPRESSED   0x00000003   PAD
    0x20000094   COMPRESSED   0x0000027b   Data   RW         3119    .data               usbd_cdc.o
    0x2000030f   COMPRESSED   0x00000001   PAD
    0x20000310   COMPRESSED   0x00000038   Data   RW         3120    .data               usbd_cdc.o
    0x20000348   COMPRESSED   0x0000003c   Data   RW         3714    .data               tasks.o
    0x20000384   COMPRESSED   0x00000018   Data   RW         4344    .data               heap_4.o
    0x2000039c   COMPRESSED   0x0000000c   Data   RW         4407    .data               port.o
    0x200003a8        -       0x00000c12   Zero   RW           16    .bss                main.o
    0x20000fba   COMPRESSED   0x00000002   PAD
    0x20000fbc        -       0x00000254   Zero   RW          263    .bss                freertos.o
    0x20001210        -       0x00000264   Zero   RW          345    .bss                usart.o
    0x20001474        -       0x000002c4   Zero   RW          555    .bss                usb_device.o
    0x20001738        -       0x00000200   Zero   RW          597    .bss                usbd_desc.o
    0x20001938        -       0x000007d0   Zero   RW          681    .bss                usbd_cdc_if.o
    0x20002108        -       0x0000050c   Zero   RW          766    .bss                usbd_conf.o
    0x20002614        -       0x000000f0   Zero   RW         3713    .bss                tasks.o
    0x20002704        -       0x00000c00   Zero   RW         4343    .bss                heap_4.o
    0x20003304   COMPRESSED   0x00000004   PAD
    0x20003308        -       0x00001000   Zero   RW            1    STACK               startup_stm32f103xe.o


==============================================================================

Image component sizes


      Code (inc. data)   RO Data    RW Data    ZI Data      Debug   Object Name

       120          0          0          0          0      22349   cmsis_os.o
       124          4          0          0          0        794   dma.o
        28          0          0          0          0      20732   event_groups.o
       296         38         80          8        596       3114   freertos.o
       112         10          0          0          0        903   gpio.o
       460         24          0         24       3072       7219   heap_4.o
       138          0          0          0          0       3382   list.o
       166          0          0          0       3090     508057   main.o
       578         60          0         12          0      10328   port.o
        36          8        304          0       4096        800   startup_stm32f103xe.o
       164         28          0         12          0       6497   stm32f1xx_hal.o
       232         14          0          0          0      29589   stm32f1xx_hal_cortex.o
      1364         64          0          0          0       5799   stm32f1xx_hal_dma.o
       802         74          0          0          0       3874   stm32f1xx_hal_gpio.o
        72         10          0          0          0        866   stm32f1xx_hal_msp.o
      2980          0          0          0          0      13853   stm32f1xx_hal_pcd.o
        60          0          0          0          0       1170   stm32f1xx_hal_pcd_ex.o
      1280        102          0          0          0       5208   stm32f1xx_hal_rcc.o
       236         12          0          0          0       1380   stm32f1xx_hal_rcc_ex.o
      1748         38          0          0          0      15163   stm32f1xx_hal_uart.o
       564        114          0          0          0       9445   stm32f1xx_it.o
      2758          0          0          0          0      16535   stm32f1xx_ll_usb.o
         0          0          0          0          0        392   stream_buffer.o
         2          0         24          4          0       1107   system_stm32f1xx.o
      1534        116          0         60        240      16703   tasks.o
      1204        100          0          0        612       4988   usart.o
       200         26          0          0        708       1908   usb_device.o
       960         16          0        691          0      13314   usbd_cdc.o
       424         72          0         40       2000       4425   usbd_cdc_if.o
       652         28          0          0       1292      14305   usbd_conf.o
       670          0          0          0          0       9431   usbd_core.o
      1186         28          0          1          0       7904   usbd_ctlreq.o
       288        104          0         78        512       5901   usbd_desc.o
       132          0          0          0          0       4308   usbd_ioreq.o

    ----------------------------------------------------------------------
     21600       1090        440        936      16224     771743   Object Totals
         0          0         32          0          0          0   (incl. Generated)
        30          0          0          6          6          0   (incl. Padding)

    ----------------------------------------------------------------------

      Code (inc. data)   RO Data    RW Data    ZI Data      Debug   Library Member Name

        86          0          0          0          0          0   __dczerorl2.o
         0          0          0          0          0          0   entry.o
         0          0          0          0          0          0   entry10a.o
         0          0          0          0          0          0   entry11a.o
         4          0          0          0          0          0   entry12b.o
         8          4          0          0          0          0   entry2.o
         4          0          0          0          0          0   entry5.o
         0          0          0          0          0          0   entry7b.o
         0          0          0          0          0          0   entry8b.o
         8          4          0          0          0          0   entry9a.o
        30          0          0          0          0          0   handlers.o
        36          8          0          0          0         68   init.o
        36          0          0          0          0         68   memcpya.o
        36          0          0          0          0        108   memseta.o

    ----------------------------------------------------------------------
       248         16          0          0          0        244   Library Totals
         0          0          0          0          0          0   (incl. Padding)

    ----------------------------------------------------------------------

      Code (inc. data)   RO Data    RW Data    ZI Data      Debug   Library Name

       248         16          0          0          0        244   mc_w.l

    ----------------------------------------------------------------------
       248         16          0          0          0        244   Library Totals

    ----------------------------------------------------------------------

==============================================================================


      Code (inc. data)   RO Data    RW Data    ZI Data      Debug   

     21848       1106        440        936      16224     760259   Grand Totals
     21848       1106        440        276      16224     760259   ELF Image Totals (compressed)
     21848       1106        440        276          0          0   ROM Totals

==============================================================================

    Total RO  Size (Code + RO Data)                22288 (  21.77kB)
    Total RW  Size (RW Data + ZI Data)             17160 (  16.76kB)
    Total ROM Size (Code + RO Data + RW Data)      22564 (  22.04kB)

==============================================================================

