<html>
<body>
<pre>
<h1>µVision Build Log</h1>
<h2>Tool Versions:</h2>
IDE-Version: ¦ÌVision V5.38.0.0
Copyright (C) 2022 ARM Ltd and ARM Germany GmbH. All rights reserved.
License Information: c cwb, c, LIC=76F5U-SXID6-BS2YX-HYAYI-YNS0N-UKAAN
 
Tool Versions:
Toolchain:       MDK-ARM Plus  Version: 5.38.0.0
Toolchain Path:  C:\Keil_v5\ARM\ARMCC\Bin
C Compiler:      Armcc.exe V5.06 update 7 (build 960)
Assembler:       Armasm.exe V5.06 update 7 (build 960)
Linker/Locator:  ArmLink.exe V5.06 update 7 (build 960)
Library Manager: ArmAr.exe V5.06 update 7 (build 960)
Hex Converter:   FromElf.exe V5.06 update 7 (build 960)
CPU DLL:         SARMCM3.DLL V5.38.0.0
Dialog DLL:      DCM.DLL V1.17.5.0
Target DLL:      CMSIS_AGDI.dll V1.33.15.0
Dialog DLL:      TCM.DLL V1.56.4.0
 
<h2>Project:</h2>
D:\Git_project\USB2TTL\USB2TTL\software\usb_virtualport\MDK-ARM\usb_virtualport.uvprojx
Project File Date:  03/21/2023

<h2>Output:</h2>
*** Using Compiler 'V5.06 update 7 (build 960)', folder: 'C:\Keil_v5\ARM\ARMCC\Bin'
Rebuild target 'usb_virtualport'
assembling startup_stm32f103xe.s...
compiling usbd_desc.c...
compiling dma.c...
compiling usbd_conf.c...
compiling usb_device.c...
compiling gpio.c...
compiling stm32f1xx_it.c...
../Core/Src/stm32f1xx_it.c(324): warning:  #177-D: variable "xHigherPriorityTaskWoken"  was declared but never referenced
    BaseType_t xHigherPriorityTaskWoken = pdFALSE;
../Core/Src/stm32f1xx_it.c(348): warning:  #177-D: variable "xHigherPriorityTaskWoken"  was declared but never referenced
  	BaseType_t xHigherPriorityTaskWoken = pdFALSE;
../Core/Src/stm32f1xx_it.c(372): warning:  #177-D: variable "xHigherPriorityTaskWoken"  was declared but never referenced
    BaseType_t xHigherPriorityTaskWoken = pdFALSE;
../Core/Src/stm32f1xx_it.c: 3 warnings, 0 errors
compiling usbd_cdc_if.c...
compiling usart.c...
compiling freertos.c...
../Core/Src/freertos.c(132): warning:  #177-D: variable "xEventGroupValue"  was declared but never referenced
  	EventBits_t xEventGroupValue;
../Core/Src/freertos.c(133): warning:  #177-D: variable "xBitsToWaitFor"  was declared but never referenced
  	const EventBits_t xBitsToWaitFor = ( UART1_RECV_BIT | UART2_RECV_BIT | UART3_RECV_BIT );
../Core/Src/freertos.c: 2 warnings, 0 errors
compiling stm32f1xx_hal_msp.c...
compiling main.c...
compiling stm32f1xx_hal_gpio_ex.c...
compiling stm32f1xx_hal_pcd_ex.c...
compiling stm32f1xx_hal_pwr.c...
compiling stm32f1xx_hal_rcc_ex.c...
compiling stm32f1xx_hal_cortex.c...
compiling stm32f1xx_hal_pcd.c...
compiling stm32f1xx_hal.c...
compiling stm32f1xx_ll_usb.c...
compiling stm32f1xx_hal_gpio.c...
compiling stm32f1xx_hal_dma.c...
compiling stm32f1xx_hal_rcc.c...
compiling stm32f1xx_hal_flash.c...
compiling croutine.c...
compiling event_groups.c...
compiling list.c...
compiling usbd_core.c...
compiling stm32f1xx_hal_tim.c...
compiling stm32f1xx_hal_exti.c...
compiling stm32f1xx_hal_tim_ex.c...
compiling stm32f1xx_hal_flash_ex.c...
compiling system_stm32f1xx.c...
compiling timers.c...
compiling queue.c...
compiling stream_buffer.c...
compiling heap_4.c...
compiling stm32f1xx_hal_uart.c...
compiling port.c...
compiling tasks.c...
compiling cmsis_os.c...
compiling usbd_cdc.c...
compiling usbd_ioreq.c...
compiling usbd_ctlreq.c...
linking...
Program Size: Code=21840 RO-data=440 RW-data=936 ZI-data=16224  
FromELF: creating hex file...
"usb_virtualport\usb_virtualport.axf" - 0 Error(s), 5 Warning(s).

<h2>Software Packages used:</h2>

Package Vendor: ARM
                http://www.keil.com/pack/ARM.CMSIS.5.9.0.pack
                ARM.CMSIS.5.9.0
                CMSIS (Common Microcontroller Software Interface Standard)
   * Component: CORE Version: 5.6.0

Package Vendor: Keil
                http://www.keil.com/pack/Keil.STM32F1xx_DFP.2.4.0.pack
                Keil.STM32F1xx_DFP.2.4.0
                STMicroelectronics STM32F1 Series Device Support, Drivers and Examples

<h2>Collection of Component include folders:</h2>
  ./RTE/_usb_virtualport
  C:/Users/cwb/AppData/Local/Arm/Packs/ARM/CMSIS/5.9.0/CMSIS/Core/Include
  C:/Users/cwb/AppData/Local/Arm/Packs/Keil/STM32F1xx_DFP/2.4.0/Device/Include

<h2>Collection of Component Files used:</h2>

   * Component: ARM::CMSIS:CORE:5.6.0
      Include file:  CMSIS/Core/Include/tz_context.h
Build Time Elapsed:  00:00:12
</pre>
</body>
</html>
